Archive member included to satisfy reference by file (symbol)

c:/program files (x86)/atmel/studio/7.0/toolchain/avr8/avr8-gnu-toolchain/bin/../lib/gcc/avr/5.4.0/../../../../avr/lib/avr5\libm.a(addsf3.o)
                              HAL/LCD/LCD_prog.o (__subsf3)
c:/program files (x86)/atmel/studio/7.0/toolchain/avr8/avr8-gnu-toolchain/bin/../lib/gcc/avr/5.4.0/../../../../avr/lib/avr5\libm.a(addsf3x.o)
                              c:/program files (x86)/atmel/studio/7.0/toolchain/avr8/avr8-gnu-toolchain/bin/../lib/gcc/avr/5.4.0/../../../../avr/lib/avr5\libm.a(addsf3.o) (__addsf3x)
c:/program files (x86)/atmel/studio/7.0/toolchain/avr8/avr8-gnu-toolchain/bin/../lib/gcc/avr/5.4.0/../../../../avr/lib/avr5\libm.a(divsf3.o)
                              HAL/LM35/LM35_prog.o (__divsf3)
c:/program files (x86)/atmel/studio/7.0/toolchain/avr8/avr8-gnu-toolchain/bin/../lib/gcc/avr/5.4.0/../../../../avr/lib/avr5\libm.a(divsf3x.o)
                              c:/program files (x86)/atmel/studio/7.0/toolchain/avr8/avr8-gnu-toolchain/bin/../lib/gcc/avr/5.4.0/../../../../avr/lib/avr5\libm.a(divsf3.o) (__divsf3x)
c:/program files (x86)/atmel/studio/7.0/toolchain/avr8/avr8-gnu-toolchain/bin/../lib/gcc/avr/5.4.0/../../../../avr/lib/avr5\libm.a(fixsfsi.o)
                              HAL/LCD/LCD_prog.o (__fixsfsi)
c:/program files (x86)/atmel/studio/7.0/toolchain/avr8/avr8-gnu-toolchain/bin/../lib/gcc/avr/5.4.0/../../../../avr/lib/avr5\libm.a(fixunssfsi.o)
                              HAL/LM35/LM35_prog.o (__fixunssfsi)
c:/program files (x86)/atmel/studio/7.0/toolchain/avr8/avr8-gnu-toolchain/bin/../lib/gcc/avr/5.4.0/../../../../avr/lib/avr5\libm.a(floatsisf.o)
                              HAL/LM35/LM35_prog.o (__floatunsisf)
c:/program files (x86)/atmel/studio/7.0/toolchain/avr8/avr8-gnu-toolchain/bin/../lib/gcc/avr/5.4.0/../../../../avr/lib/avr5\libm.a(fp_inf.o)
                              c:/program files (x86)/atmel/studio/7.0/toolchain/avr8/avr8-gnu-toolchain/bin/../lib/gcc/avr/5.4.0/../../../../avr/lib/avr5\libm.a(addsf3x.o) (__fp_inf)
c:/program files (x86)/atmel/studio/7.0/toolchain/avr8/avr8-gnu-toolchain/bin/../lib/gcc/avr/5.4.0/../../../../avr/lib/avr5\libm.a(fp_nan.o)
                              c:/program files (x86)/atmel/studio/7.0/toolchain/avr8/avr8-gnu-toolchain/bin/../lib/gcc/avr/5.4.0/../../../../avr/lib/avr5\libm.a(addsf3x.o) (__fp_nan)
c:/program files (x86)/atmel/studio/7.0/toolchain/avr8/avr8-gnu-toolchain/bin/../lib/gcc/avr/5.4.0/../../../../avr/lib/avr5\libm.a(fp_pscA.o)
                              c:/program files (x86)/atmel/studio/7.0/toolchain/avr8/avr8-gnu-toolchain/bin/../lib/gcc/avr/5.4.0/../../../../avr/lib/avr5\libm.a(addsf3x.o) (__fp_pscA)
c:/program files (x86)/atmel/studio/7.0/toolchain/avr8/avr8-gnu-toolchain/bin/../lib/gcc/avr/5.4.0/../../../../avr/lib/avr5\libm.a(fp_pscB.o)
                              c:/program files (x86)/atmel/studio/7.0/toolchain/avr8/avr8-gnu-toolchain/bin/../lib/gcc/avr/5.4.0/../../../../avr/lib/avr5\libm.a(addsf3x.o) (__fp_pscB)
c:/program files (x86)/atmel/studio/7.0/toolchain/avr8/avr8-gnu-toolchain/bin/../lib/gcc/avr/5.4.0/../../../../avr/lib/avr5\libm.a(fp_round.o)
                              c:/program files (x86)/atmel/studio/7.0/toolchain/avr8/avr8-gnu-toolchain/bin/../lib/gcc/avr/5.4.0/../../../../avr/lib/avr5\libm.a(addsf3.o) (__fp_round)
c:/program files (x86)/atmel/studio/7.0/toolchain/avr8/avr8-gnu-toolchain/bin/../lib/gcc/avr/5.4.0/../../../../avr/lib/avr5\libm.a(fp_split3.o)
                              c:/program files (x86)/atmel/studio/7.0/toolchain/avr8/avr8-gnu-toolchain/bin/../lib/gcc/avr/5.4.0/../../../../avr/lib/avr5\libm.a(addsf3x.o) (__fp_split3)
c:/program files (x86)/atmel/studio/7.0/toolchain/avr8/avr8-gnu-toolchain/bin/../lib/gcc/avr/5.4.0/../../../../avr/lib/avr5\libm.a(fp_zero.o)
                              c:/program files (x86)/atmel/studio/7.0/toolchain/avr8/avr8-gnu-toolchain/bin/../lib/gcc/avr/5.4.0/../../../../avr/lib/avr5\libm.a(addsf3x.o) (__fp_zero)
c:/program files (x86)/atmel/studio/7.0/toolchain/avr8/avr8-gnu-toolchain/bin/../lib/gcc/avr/5.4.0/../../../../avr/lib/avr5\libm.a(mulsf3.o)
                              HAL/LCD/LCD_prog.o (__mulsf3)
c:/program files (x86)/atmel/studio/7.0/toolchain/avr8/avr8-gnu-toolchain/bin/../lib/gcc/avr/5.4.0/../../../../avr/lib/avr5\libm.a(mulsf3x.o)
                              c:/program files (x86)/atmel/studio/7.0/toolchain/avr8/avr8-gnu-toolchain/bin/../lib/gcc/avr/5.4.0/../../../../avr/lib/avr5\libm.a(mulsf3.o) (__mulsf3x)
c:/program files (x86)/atmel/studio/7.0/toolchain/avr8/avr8-gnu-toolchain/bin/../lib/gcc/avr/5.4.0/avr5\libgcc.a(_udivmodqi4.o)
                              HAL/RTC/RTC_prog.o (__udivmodqi4)
c:/program files (x86)/atmel/studio/7.0/toolchain/avr8/avr8-gnu-toolchain/bin/../lib/gcc/avr/5.4.0/avr5\libgcc.a(_divmodhi4.o)
                              MCAL/TIMER0/TIMER0_prog.o (__divmodhi4)
c:/program files (x86)/atmel/studio/7.0/toolchain/avr8/avr8-gnu-toolchain/bin/../lib/gcc/avr/5.4.0/avr5\libgcc.a(_udivmodsi4.o)
                              MCAL/TIMER0/TIMER0_prog.o (__udivmodsi4)
c:/program files (x86)/atmel/studio/7.0/toolchain/avr8/avr8-gnu-toolchain/bin/../lib/gcc/avr/5.4.0/avr5\libgcc.a(_divmodsi4.o)
                              MCAL/TIMER1/TIMER1_prog.o (__divmodsi4)
c:/program files (x86)/atmel/studio/7.0/toolchain/avr8/avr8-gnu-toolchain/bin/../lib/gcc/avr/5.4.0/avr5\libgcc.a(_negsi2.o)
                              c:/program files (x86)/atmel/studio/7.0/toolchain/avr8/avr8-gnu-toolchain/bin/../lib/gcc/avr/5.4.0/avr5\libgcc.a(_divmodsi4.o) (__negsi2)
c:/program files (x86)/atmel/studio/7.0/toolchain/avr8/avr8-gnu-toolchain/bin/../lib/gcc/avr/5.4.0/avr5\libgcc.a(_exit.o)
                              C:/Program Files (x86)/Atmel/Studio/7.0/Packs/atmel/ATmega_DFP/1.7.374/gcc/dev/atmega32/avr5/crtatmega32.o (exit)
c:/program files (x86)/atmel/studio/7.0/toolchain/avr8/avr8-gnu-toolchain/bin/../lib/gcc/avr/5.4.0/avr5\libgcc.a(_tablejump2.o)
                              HAL/Keypad/Keypad_prog.o (__tablejump2__)
c:/program files (x86)/atmel/studio/7.0/toolchain/avr8/avr8-gnu-toolchain/bin/../lib/gcc/avr/5.4.0/avr5\libgcc.a(_copy_data.o)
                              HAL/Fingerprint/Fingerprint_prog.o (__do_copy_data)
c:/program files (x86)/atmel/studio/7.0/toolchain/avr8/avr8-gnu-toolchain/bin/../lib/gcc/avr/5.4.0/avr5\libgcc.a(_clear_bss.o)
                              APP/main.o (__do_clear_bss)
c:/program files (x86)/atmel/studio/7.0/toolchain/avr8/avr8-gnu-toolchain/bin/../lib/gcc/avr/5.4.0/avr5\libgcc.a(_umulhisi3.o)
                              HAL/LM35/LM35_prog.o (__umulhisi3)
c:/program files (x86)/atmel/studio/7.0/toolchain/avr8/avr8-gnu-toolchain/bin/../lib/gcc/avr/5.4.0/avr5\libgcc.a(_muluhisi3.o)
                              MCAL/TIMER0/TIMER0_prog.o (__muluhisi3)
c:/program files (x86)/atmel/studio/7.0/toolchain/avr8/avr8-gnu-toolchain/bin/../lib/gcc/avr/5.4.0/avr5\libgcc.a(_udivmodhi4.o)
                              c:/program files (x86)/atmel/studio/7.0/toolchain/avr8/avr8-gnu-toolchain/bin/../lib/gcc/avr/5.4.0/avr5\libgcc.a(_divmodhi4.o) (__udivmodhi4)
c:/program files (x86)/atmel/studio/7.0/toolchain/avr8/avr8-gnu-toolchain/bin/../lib/gcc/avr/5.4.0/../../../../avr/lib/avr5\libc.a(itoa_ncheck.o)
                              HAL/LCD/LCD_prog.o (__itoa_ncheck)
c:/program files (x86)/atmel/studio/7.0/toolchain/avr8/avr8-gnu-toolchain/bin/../lib/gcc/avr/5.4.0/../../../../avr/lib/avr5\libc.a(utoa_ncheck.o)
                              c:/program files (x86)/atmel/studio/7.0/toolchain/avr8/avr8-gnu-toolchain/bin/../lib/gcc/avr/5.4.0/../../../../avr/lib/avr5\libc.a(itoa_ncheck.o) (__utoa_common)
c:/program files (x86)/atmel/studio/7.0/toolchain/avr8/avr8-gnu-toolchain/bin/../lib/gcc/avr/5.4.0/../../../../avr/lib/avr5\libc.a(strrev.o)
                              c:/program files (x86)/atmel/studio/7.0/toolchain/avr8/avr8-gnu-toolchain/bin/../lib/gcc/avr/5.4.0/../../../../avr/lib/avr5\libc.a(utoa_ncheck.o) (strrev)

Allocating common symbols
Common symbol       size              file

ADC_enuState        0x1               APP/main.o
buffer              0x19              HAL/Fingerprint/Fingerprint_prog.o

Discarded input sections

 .data          0x00000000        0x0 C:/Program Files (x86)/Atmel/Studio/7.0/Packs/atmel/ATmega_DFP/1.7.374/gcc/dev/atmega32/avr5/crtatmega32.o
 .bss           0x00000000        0x0 C:/Program Files (x86)/Atmel/Studio/7.0/Packs/atmel/ATmega_DFP/1.7.374/gcc/dev/atmega32/avr5/crtatmega32.o
 .text          0x00000000        0x0 APP/main.o
 .data          0x00000000        0x0 APP/main.o
 .bss           0x00000000        0x0 APP/main.o
 COMMON         0x00000000        0x1 APP/main.o
 .text          0x00000000        0x0 HAL/EEPROM/EEPROM_prog.o
 .data          0x00000000        0x0 HAL/EEPROM/EEPROM_prog.o
 .bss           0x00000000        0x0 HAL/EEPROM/EEPROM_prog.o
 .text.EEPROM_Init
                0x00000000       0x24 HAL/EEPROM/EEPROM_prog.o
 .text.EEPROM_WriteByte
                0x00000000       0x96 HAL/EEPROM/EEPROM_prog.o
 .text.EEPROM_ReadByte
                0x00000000       0xd8 HAL/EEPROM/EEPROM_prog.o
 .debug_info    0x00000000      0x396 HAL/EEPROM/EEPROM_prog.o
 .debug_abbrev  0x00000000       0xf3 HAL/EEPROM/EEPROM_prog.o
 .debug_loc     0x00000000      0x21b HAL/EEPROM/EEPROM_prog.o
 .debug_aranges
                0x00000000       0x30 HAL/EEPROM/EEPROM_prog.o
 .debug_ranges  0x00000000       0x20 HAL/EEPROM/EEPROM_prog.o
 .debug_line    0x00000000      0x1f5 HAL/EEPROM/EEPROM_prog.o
 .debug_str     0x00000000      0x271 HAL/EEPROM/EEPROM_prog.o
 .comment       0x00000000       0x31 HAL/EEPROM/EEPROM_prog.o
 .debug_frame   0x00000000       0xa4 HAL/EEPROM/EEPROM_prog.o
 .text          0x00000000        0x0 HAL/Fingerprint/Fingerprint_prog.o
 .data          0x00000000        0x0 HAL/Fingerprint/Fingerprint_prog.o
 .bss           0x00000000        0x0 HAL/Fingerprint/Fingerprint_prog.o
 .text.clearBuffer
                0x00000000       0x1e HAL/Fingerprint/Fingerprint_prog.o
 .text.FingerPS_strTemplate
                0x00000000       0x8a HAL/Fingerprint/Fingerprint_prog.o
 .text.FingerPS_searchFinger
                0x00000000       0x90 HAL/Fingerprint/Fingerprint_prog.o
 .text.FingerPS_handShake
                0x00000000       0x74 HAL/Fingerprint/Fingerprint_prog.o
 .text.FingerPS_genTemplate
                0x00000000       0x9a HAL/Fingerprint/Fingerprint_prog.o
 .text.FingerPS_convertImg2CharFile
                0x00000000       0x92 HAL/Fingerprint/Fingerprint_prog.o
 .text          0x00000000        0x0 HAL/Keypad/Keypad_prog.o
 .data          0x00000000        0x0 HAL/Keypad/Keypad_prog.o
 .bss           0x00000000        0x0 HAL/Keypad/Keypad_prog.o
 .text.KEYPAD_4x4_adjustKeyNumber
                0x00000000       0x52 HAL/Keypad/Keypad_prog.o
 .progmem.gcc_sw_table.KEYPAD_4x4_adjustKeyNumber
                0x00000000       0x20 HAL/Keypad/Keypad_prog.o
 .rodata        0x00000000       0x10 HAL/Keypad/Keypad_prog.o
 .text.KEYPAD_getPressedKey
                0x00000000      0x18e HAL/Keypad/Keypad_prog.o
 .debug_info    0x00000000      0x373 HAL/Keypad/Keypad_prog.o
 .debug_abbrev  0x00000000      0x143 HAL/Keypad/Keypad_prog.o
 .debug_loc     0x00000000      0x243 HAL/Keypad/Keypad_prog.o
 .debug_aranges
                0x00000000       0x28 HAL/Keypad/Keypad_prog.o
 .debug_ranges  0x00000000       0x18 HAL/Keypad/Keypad_prog.o
 .debug_line    0x00000000      0x250 HAL/Keypad/Keypad_prog.o
 .debug_str     0x00000000      0x33c HAL/Keypad/Keypad_prog.o
 .comment       0x00000000       0x31 HAL/Keypad/Keypad_prog.o
 .debug_frame   0x00000000       0x74 HAL/Keypad/Keypad_prog.o
 .text          0x00000000        0x0 HAL/LCD/LCD_prog.o
 .data          0x00000000        0x0 HAL/LCD/LCD_prog.o
 .bss           0x00000000        0x0 HAL/LCD/LCD_prog.o
 .text.H_LCD_void_sendIntNum
                0x00000000       0x3e HAL/LCD/LCD_prog.o
 .text.H_LCD_void_gotoXY
                0x00000000       0x26 HAL/LCD/LCD_prog.o
 .text.H_LCD_void_creatCustomChar
                0x00000000       0x3a HAL/LCD/LCD_prog.o
 .text.H_LCD_void_displayCustomChar
                0x00000000        0x6 HAL/LCD/LCD_prog.o
 .text.H_LCD_void_displayFloat
                0x00000000       0x76 HAL/LCD/LCD_prog.o
 .text.H_LCD_void_sendBinaryNum
                0x00000000       0x82 HAL/LCD/LCD_prog.o
 .text          0x00000000        0x0 HAL/LM35/LM35_prog.o
 .data          0x00000000        0x0 HAL/LM35/LM35_prog.o
 .bss           0x00000000        0x0 HAL/LM35/LM35_prog.o
 .text.H_LM35_U8_getTemperature
                0x00000000       0x28 HAL/LM35/LM35_prog.o
 .debug_info    0x00000000      0x11f HAL/LM35/LM35_prog.o
 .debug_abbrev  0x00000000       0xad HAL/LM35/LM35_prog.o
 .debug_loc     0x00000000       0x43 HAL/LM35/LM35_prog.o
 .debug_aranges
                0x00000000       0x20 HAL/LM35/LM35_prog.o
 .debug_ranges  0x00000000       0x10 HAL/LM35/LM35_prog.o
 .debug_line    0x00000000       0xaa HAL/LM35/LM35_prog.o
 .debug_str     0x00000000      0x221 HAL/LM35/LM35_prog.o
 .comment       0x00000000       0x31 HAL/LM35/LM35_prog.o
 .debug_frame   0x00000000       0x24 HAL/LM35/LM35_prog.o
 .text          0x00000000        0x0 HAL/RTC/RTC_prog.o
 .data          0x00000000        0x0 HAL/RTC/RTC_prog.o
 .bss           0x00000000        0x0 HAL/RTC/RTC_prog.o
 .text.H_RTC_void_Init
                0x00000000       0x24 HAL/RTC/RTC_prog.o
 .text.H_RTC_void_setTime
                0x00000000      0x13e HAL/RTC/RTC_prog.o
 .text.H_RTC_void_getTime
                0x00000000      0x1a0 HAL/RTC/RTC_prog.o
 .text.H_RTC_void_setDate
                0x00000000      0x122 HAL/RTC/RTC_prog.o
 .text.H_RTC_void_getDate
                0x00000000      0x188 HAL/RTC/RTC_prog.o
 .debug_info    0x00000000      0x889 HAL/RTC/RTC_prog.o
 .debug_abbrev  0x00000000      0x123 HAL/RTC/RTC_prog.o
 .debug_loc     0x00000000      0x2a8 HAL/RTC/RTC_prog.o
 .debug_aranges
                0x00000000       0x40 HAL/RTC/RTC_prog.o
 .debug_ranges  0x00000000       0x30 HAL/RTC/RTC_prog.o
 .debug_line    0x00000000      0x467 HAL/RTC/RTC_prog.o
 .debug_str     0x00000000      0x363 HAL/RTC/RTC_prog.o
 .comment       0x00000000       0x31 HAL/RTC/RTC_prog.o
 .debug_frame   0x00000000       0xe4 HAL/RTC/RTC_prog.o
 .text          0x00000000        0x0 HAL/Segment/segment.o
 .data          0x00000000        0x0 HAL/Segment/segment.o
 .bss           0x00000000        0x0 HAL/Segment/segment.o
 .text.segment_Init
                0x00000000       0x94 HAL/Segment/segment.o
 .rodata        0x00000000       0x30 HAL/Segment/segment.o
 .text.segment_Num
                0x00000000      0x102 HAL/Segment/segment.o
 .debug_info    0x00000000      0x2e4 HAL/Segment/segment.o
 .debug_abbrev  0x00000000      0x126 HAL/Segment/segment.o
 .debug_loc     0x00000000      0x18a HAL/Segment/segment.o
 .debug_aranges
                0x00000000       0x28 HAL/Segment/segment.o
 .debug_ranges  0x00000000       0x18 HAL/Segment/segment.o
 .debug_line    0x00000000      0x165 HAL/Segment/segment.o
 .debug_str     0x00000000      0x307 HAL/Segment/segment.o
 .comment       0x00000000       0x31 HAL/Segment/segment.o
 .debug_frame   0x00000000       0x6c HAL/Segment/segment.o
 .text          0x00000000        0x0 HAL/Ultrasonic/Ultrasonic_prog.o
 .data          0x00000000        0x0 HAL/Ultrasonic/Ultrasonic_prog.o
 .bss           0x00000000        0x0 HAL/Ultrasonic/Ultrasonic_prog.o
 .text.TimerOVFCallBack
                0x00000000       0x14 HAL/Ultrasonic/Ultrasonic_prog.o
 .text.Ultrasonic_edgeProcessing
                0x00000000       0x36 HAL/Ultrasonic/Ultrasonic_prog.o
 .text.Ultrasonic_init
                0x00000000       0xa2 HAL/Ultrasonic/Ultrasonic_prog.o
 .text.Ultrasonic_Trigger
                0x00000000       0x44 HAL/Ultrasonic/Ultrasonic_prog.o
 .text.Ultrasonic_readDistance
                0x00000000       0x5e HAL/Ultrasonic/Ultrasonic_prog.o
 .bss.g_OVRflow
                0x00000000        0x2 HAL/Ultrasonic/Ultrasonic_prog.o
 .bss.g_edges_counter
                0x00000000        0x1 HAL/Ultrasonic/Ultrasonic_prog.o
 .bss.g_secondRead
                0x00000000        0x2 HAL/Ultrasonic/Ultrasonic_prog.o
 .bss.g_distance
                0x00000000        0x2 HAL/Ultrasonic/Ultrasonic_prog.o
 .debug_info    0x00000000      0x64e HAL/Ultrasonic/Ultrasonic_prog.o
 .debug_abbrev  0x00000000      0x1a7 HAL/Ultrasonic/Ultrasonic_prog.o
 .debug_loc     0x00000000       0xfe HAL/Ultrasonic/Ultrasonic_prog.o
 .debug_aranges
                0x00000000       0x40 HAL/Ultrasonic/Ultrasonic_prog.o
 .debug_ranges  0x00000000       0x30 HAL/Ultrasonic/Ultrasonic_prog.o
 .debug_line    0x00000000      0x2e1 HAL/Ultrasonic/Ultrasonic_prog.o
 .debug_str     0x00000000      0x739 HAL/Ultrasonic/Ultrasonic_prog.o
 .comment       0x00000000       0x31 HAL/Ultrasonic/Ultrasonic_prog.o
 .debug_frame   0x00000000       0x94 HAL/Ultrasonic/Ultrasonic_prog.o
 .text          0x00000000        0x0 MCAL/ADC/ADC_prog.o
 .data          0x00000000        0x0 MCAL/ADC/ADC_prog.o
 .bss           0x00000000        0x0 MCAL/ADC/ADC_prog.o
 .text.ADC_Init
                0x00000000       0x32 MCAL/ADC/ADC_prog.o
 .text.ADC_getDigitalValueAsynchCallBack
                0x00000000       0x24 MCAL/ADC/ADC_prog.o
 .text.ADC_getDigitalValueSynchNonBlocking
                0x00000000       0x62 MCAL/ADC/ADC_prog.o
 .bss.flag.1827
                0x00000000        0x1 MCAL/ADC/ADC_prog.o
 .text          0x00000000        0x0 MCAL/DIO/DIO_Program.o
 .data          0x00000000        0x0 MCAL/DIO/DIO_Program.o
 .bss           0x00000000        0x0 MCAL/DIO/DIO_Program.o
 .text.DIO_U8SetPortDirection
                0x00000000       0x46 MCAL/DIO/DIO_Program.o
 .text.DIO_U8SetPortValue
                0x00000000       0x2e MCAL/DIO/DIO_Program.o
 .text.DIO_U8TogglePin
                0x00000000       0x48 MCAL/DIO/DIO_Program.o
 .text.DIO_U8TogglePort
                0x00000000       0x24 MCAL/DIO/DIO_Program.o
 .text.DIO_U8GetPinValue
                0x00000000       0x52 MCAL/DIO/DIO_Program.o
 .text.DIO_U8GetPortValue
                0x00000000       0x2e MCAL/DIO/DIO_Program.o
 .rodata.readRegisters
                0x00000000        0x8 MCAL/DIO/DIO_Program.o
 .text          0x00000000        0x0 MCAL/EXTI/EXTI_prog.o
 .data          0x00000000        0x0 MCAL/EXTI/EXTI_prog.o
 .bss           0x00000000        0x0 MCAL/EXTI/EXTI_prog.o
 .text.EXTI_enable
                0x00000000       0x64 MCAL/EXTI/EXTI_prog.o
 .text.EXTI_disable
                0x00000000       0x20 MCAL/EXTI/EXTI_prog.o
 .text.EXTI_setCallBack
                0x00000000       0x2c MCAL/EXTI/EXTI_prog.o
 .text          0x00000000        0x0 MCAL/GIE/GIE_prog.o
 .data          0x00000000        0x0 MCAL/GIE/GIE_prog.o
 .bss           0x00000000        0x0 MCAL/GIE/GIE_prog.o
 .text.GIE_disable
                0x00000000        0x4 MCAL/GIE/GIE_prog.o
 .text          0x00000000        0x0 MCAL/SPI/SPI_prog.o
 .data          0x00000000        0x0 MCAL/SPI/SPI_prog.o
 .bss           0x00000000        0x0 MCAL/SPI/SPI_prog.o
 .text.SPI_init
                0x00000000       0x3a MCAL/SPI/SPI_prog.o
 .text.SPI_sendReceiveByte
                0x00000000        0xe MCAL/SPI/SPI_prog.o
 .text.SPI_sendReceiveByteAsync
                0x00000000       0x12 MCAL/SPI/SPI_prog.o
 .text          0x00000000        0x0 MCAL/TIMER0/TIMER0_prog.o
 .data          0x00000000        0x0 MCAL/TIMER0/TIMER0_prog.o
 .bss           0x00000000        0x0 MCAL/TIMER0/TIMER0_prog.o
 .text.M_TIMER0_void_Init
                0x00000000       0x58 MCAL/TIMER0/TIMER0_prog.o
 .text.M_TIMER0_void_start
                0x00000000        0xe MCAL/TIMER0/TIMER0_prog.o
 .text.M_TIMER0_void_stop
                0x00000000        0x8 MCAL/TIMER0/TIMER0_prog.o
 .rodata        0x00000000        0xc MCAL/TIMER0/TIMER0_prog.o
 .text.M_TIMER0_void_setDelayTimeMilliSec
                0x00000000       0xbc MCAL/TIMER0/TIMER0_prog.o
 .text.M_TIMER0_void_IntEnable
                0x00000000       0x18 MCAL/TIMER0/TIMER0_prog.o
 .text.M_TIMER0_void_IntDisable
                0x00000000       0x18 MCAL/TIMER0/TIMER0_prog.o
 .text.M_TIMER0_void_setFastPWM
                0x00000000       0x2e MCAL/TIMER0/TIMER0_prog.o
 .text.M_TIMER0_void_setPhaseCorrectPWM
                0x00000000       0x20 MCAL/TIMER0/TIMER0_prog.o
 .text.M_TIMER0_void_setCallBack
                0x00000000       0x1c MCAL/TIMER0/TIMER0_prog.o
 .bss.fast_oc0_mode
                0x00000000        0x1 MCAL/TIMER0/TIMER0_prog.o
 .bss.prescaler
                0x00000000        0x1 MCAL/TIMER0/TIMER0_prog.o
 .text          0x00000000        0x0 MCAL/TIMER1/TIMER1_prog.o
 .data          0x00000000        0x0 MCAL/TIMER1/TIMER1_prog.o
 .bss           0x00000000        0x0 MCAL/TIMER1/TIMER1_prog.o
 .text.M_TIMER1_void_Init
                0x00000000       0x4a MCAL/TIMER1/TIMER1_prog.o
 .text.M_TIMER1_void_start
                0x00000000       0x12 MCAL/TIMER1/TIMER1_prog.o
 .text.M_TIMER1_void_IntEnable
                0x00000000       0x24 MCAL/TIMER1/TIMER1_prog.o
 .text.M_TIMER1_void_setFastPWM
                0x00000000       0x30 MCAL/TIMER1/TIMER1_prog.o
 .rodata        0x00000000        0xc MCAL/TIMER1/TIMER1_prog.o
 .text.M_TIMER1_void_setDelayTimeMilliSec
                0x00000000       0xa0 MCAL/TIMER1/TIMER1_prog.o
 .text.M_TIMER1_void_setCallBack
                0x00000000       0x2a MCAL/TIMER1/TIMER1_prog.o
 .text.M_TIMER1_void_getInputCaptureValue
                0x00000000        0x6 MCAL/TIMER1/TIMER1_prog.o
 .text.M_TIMER1_void_setEdgeDetectionType
                0x00000000       0x12 MCAL/TIMER1/TIMER1_prog.o
 .text.M_TIMER1_void_clearTimerValue
                0x00000000        0x6 MCAL/TIMER1/TIMER1_prog.o
 .text.M_TIMER1_void_measureDutyCycle
                0x00000000       0x20 MCAL/TIMER1/TIMER1_prog.o
 .text.M_TIMER1_void_freq
                0x00000000       0x20 MCAL/TIMER1/TIMER1_prog.o
 .bss.prescaler
                0x00000000        0x1 MCAL/TIMER1/TIMER1_prog.o
 .text          0x00000000        0x0 MCAL/TWI/TWI_prog.o
 .data          0x00000000        0x0 MCAL/TWI/TWI_prog.o
 .bss           0x00000000        0x0 MCAL/TWI/TWI_prog.o
 .text.M_TWI_void_init
                0x00000000       0x14 MCAL/TWI/TWI_prog.o
 .text.M_TWI_void_start
                0x00000000        0xc MCAL/TWI/TWI_prog.o
 .text.M_TWI_void_stop
                0x00000000        0x6 MCAL/TWI/TWI_prog.o
 .text.M_TWI_void_writeByte
                0x00000000        0xe MCAL/TWI/TWI_prog.o
 .text.M_TWI_void_readByteWithACK
                0x00000000       0x12 MCAL/TWI/TWI_prog.o
 .text.M_TWI_void_readByteWithNACK
                0x00000000       0x12 MCAL/TWI/TWI_prog.o
 .text.M_TWI_void_getStatus
                0x00000000        0xa MCAL/TWI/TWI_prog.o
 .debug_info    0x00000000      0x244 MCAL/TWI/TWI_prog.o
 .debug_abbrev  0x00000000       0xf0 MCAL/TWI/TWI_prog.o
 .debug_loc     0x00000000       0x55 MCAL/TWI/TWI_prog.o
 .debug_aranges
                0x00000000       0x50 MCAL/TWI/TWI_prog.o
 .debug_ranges  0x00000000       0x40 MCAL/TWI/TWI_prog.o
 .debug_line    0x00000000      0x172 MCAL/TWI/TWI_prog.o
 .debug_str     0x00000000      0x288 MCAL/TWI/TWI_prog.o
 .comment       0x00000000       0x31 MCAL/TWI/TWI_prog.o
 .debug_frame   0x00000000       0x84 MCAL/TWI/TWI_prog.o
 .text          0x00000000        0x0 MCAL/USART/USART_prog.o
 .data          0x00000000        0x0 MCAL/USART/USART_prog.o
 .bss           0x00000000        0x0 MCAL/USART/USART_prog.o
 .text.MUART_voidRecieveByteSynch
                0x00000000       0x18 MCAL/USART/USART_prog.o
 .text.UART_sendString
                0x00000000       0x26 MCAL/USART/USART_prog.o
 .text.UART_receiveString
                0x00000000       0x42 MCAL/USART/USART_prog.o
 .text          0x00000000        0x0 MCAL/WDT/WDT_prog.o
 .data          0x00000000        0x0 MCAL/WDT/WDT_prog.o
 .bss           0x00000000        0x0 MCAL/WDT/WDT_prog.o
 .text.M_WDT_void_Enable
                0x00000000        0x8 MCAL/WDT/WDT_prog.o
 .text.M_WDT_void_Disable
                0x00000000        0xa MCAL/WDT/WDT_prog.o
 .text.M_WDT_void_Sleep
                0x00000000        0xe MCAL/WDT/WDT_prog.o
 .text.M_WDT_void_refresh
                0x00000000        0x4 MCAL/WDT/WDT_prog.o
 .debug_info    0x00000000      0x135 MCAL/WDT/WDT_prog.o
 .debug_abbrev  0x00000000       0x94 MCAL/WDT/WDT_prog.o
 .debug_loc     0x00000000       0x21 MCAL/WDT/WDT_prog.o
 .debug_aranges
                0x00000000       0x38 MCAL/WDT/WDT_prog.o
 .debug_ranges  0x00000000       0x28 MCAL/WDT/WDT_prog.o
 .debug_line    0x00000000       0xd0 MCAL/WDT/WDT_prog.o
 .debug_str     0x00000000      0x24b MCAL/WDT/WDT_prog.o
 .comment       0x00000000       0x31 MCAL/WDT/WDT_prog.o
 .debug_frame   0x00000000       0x54 MCAL/WDT/WDT_prog.o
 .text          0x00000000        0x0 c:/program files (x86)/atmel/studio/7.0/toolchain/avr8/avr8-gnu-toolchain/bin/../lib/gcc/avr/5.4.0/../../../../avr/lib/avr5\libm.a(addsf3.o)
 .data          0x00000000        0x0 c:/program files (x86)/atmel/studio/7.0/toolchain/avr8/avr8-gnu-toolchain/bin/../lib/gcc/avr/5.4.0/../../../../avr/lib/avr5\libm.a(addsf3.o)
 .bss           0x00000000        0x0 c:/program files (x86)/atmel/studio/7.0/toolchain/avr8/avr8-gnu-toolchain/bin/../lib/gcc/avr/5.4.0/../../../../avr/lib/avr5\libm.a(addsf3.o)
 .text.avr-libc.fplib
                0x00000000        0xe c:/program files (x86)/atmel/studio/7.0/toolchain/avr8/avr8-gnu-toolchain/bin/../lib/gcc/avr/5.4.0/../../../../avr/lib/avr5\libm.a(addsf3.o)
 .text          0x00000000        0x0 c:/program files (x86)/atmel/studio/7.0/toolchain/avr8/avr8-gnu-toolchain/bin/../lib/gcc/avr/5.4.0/../../../../avr/lib/avr5\libm.a(addsf3x.o)
 .data          0x00000000        0x0 c:/program files (x86)/atmel/studio/7.0/toolchain/avr8/avr8-gnu-toolchain/bin/../lib/gcc/avr/5.4.0/../../../../avr/lib/avr5\libm.a(addsf3x.o)
 .bss           0x00000000        0x0 c:/program files (x86)/atmel/studio/7.0/toolchain/avr8/avr8-gnu-toolchain/bin/../lib/gcc/avr/5.4.0/../../../../avr/lib/avr5\libm.a(addsf3x.o)
 .text.avr-libc.fplib
                0x00000000       0xcc c:/program files (x86)/atmel/studio/7.0/toolchain/avr8/avr8-gnu-toolchain/bin/../lib/gcc/avr/5.4.0/../../../../avr/lib/avr5\libm.a(addsf3x.o)
 .text          0x00000000        0x0 c:/program files (x86)/atmel/studio/7.0/toolchain/avr8/avr8-gnu-toolchain/bin/../lib/gcc/avr/5.4.0/../../../../avr/lib/avr5\libm.a(divsf3.o)
 .data          0x00000000        0x0 c:/program files (x86)/atmel/studio/7.0/toolchain/avr8/avr8-gnu-toolchain/bin/../lib/gcc/avr/5.4.0/../../../../avr/lib/avr5\libm.a(divsf3.o)
 .bss           0x00000000        0x0 c:/program files (x86)/atmel/studio/7.0/toolchain/avr8/avr8-gnu-toolchain/bin/../lib/gcc/avr/5.4.0/../../../../avr/lib/avr5\libm.a(divsf3.o)
 .text.avr-libc.fplib
                0x00000000        0x8 c:/program files (x86)/atmel/studio/7.0/toolchain/avr8/avr8-gnu-toolchain/bin/../lib/gcc/avr/5.4.0/../../../../avr/lib/avr5\libm.a(divsf3.o)
 .text          0x00000000        0x0 c:/program files (x86)/atmel/studio/7.0/toolchain/avr8/avr8-gnu-toolchain/bin/../lib/gcc/avr/5.4.0/../../../../avr/lib/avr5\libm.a(divsf3x.o)
 .data          0x00000000        0x0 c:/program files (x86)/atmel/studio/7.0/toolchain/avr8/avr8-gnu-toolchain/bin/../lib/gcc/avr/5.4.0/../../../../avr/lib/avr5\libm.a(divsf3x.o)
 .bss           0x00000000        0x0 c:/program files (x86)/atmel/studio/7.0/toolchain/avr8/avr8-gnu-toolchain/bin/../lib/gcc/avr/5.4.0/../../../../avr/lib/avr5\libm.a(divsf3x.o)
 .text.avr-libc.fplib
                0x00000000       0xdc c:/program files (x86)/atmel/studio/7.0/toolchain/avr8/avr8-gnu-toolchain/bin/../lib/gcc/avr/5.4.0/../../../../avr/lib/avr5\libm.a(divsf3x.o)
 .text          0x00000000        0x0 c:/program files (x86)/atmel/studio/7.0/toolchain/avr8/avr8-gnu-toolchain/bin/../lib/gcc/avr/5.4.0/../../../../avr/lib/avr5\libm.a(fixsfsi.o)
 .data          0x00000000        0x0 c:/program files (x86)/atmel/studio/7.0/toolchain/avr8/avr8-gnu-toolchain/bin/../lib/gcc/avr/5.4.0/../../../../avr/lib/avr5\libm.a(fixsfsi.o)
 .bss           0x00000000        0x0 c:/program files (x86)/atmel/studio/7.0/toolchain/avr8/avr8-gnu-toolchain/bin/../lib/gcc/avr/5.4.0/../../../../avr/lib/avr5\libm.a(fixsfsi.o)
 .text.avr-libc.fplib
                0x00000000        0xe c:/program files (x86)/atmel/studio/7.0/toolchain/avr8/avr8-gnu-toolchain/bin/../lib/gcc/avr/5.4.0/../../../../avr/lib/avr5\libm.a(fixsfsi.o)
 .text          0x00000000        0x0 c:/program files (x86)/atmel/studio/7.0/toolchain/avr8/avr8-gnu-toolchain/bin/../lib/gcc/avr/5.4.0/../../../../avr/lib/avr5\libm.a(fixunssfsi.o)
 .data          0x00000000        0x0 c:/program files (x86)/atmel/studio/7.0/toolchain/avr8/avr8-gnu-toolchain/bin/../lib/gcc/avr/5.4.0/../../../../avr/lib/avr5\libm.a(fixunssfsi.o)
 .bss           0x00000000        0x0 c:/program files (x86)/atmel/studio/7.0/toolchain/avr8/avr8-gnu-toolchain/bin/../lib/gcc/avr/5.4.0/../../../../avr/lib/avr5\libm.a(fixunssfsi.o)
 .text.avr-libc.fplib
                0x00000000       0x5e c:/program files (x86)/atmel/studio/7.0/toolchain/avr8/avr8-gnu-toolchain/bin/../lib/gcc/avr/5.4.0/../../../../avr/lib/avr5\libm.a(fixunssfsi.o)
 .text          0x00000000        0x0 c:/program files (x86)/atmel/studio/7.0/toolchain/avr8/avr8-gnu-toolchain/bin/../lib/gcc/avr/5.4.0/../../../../avr/lib/avr5\libm.a(floatsisf.o)
 .data          0x00000000        0x0 c:/program files (x86)/atmel/studio/7.0/toolchain/avr8/avr8-gnu-toolchain/bin/../lib/gcc/avr/5.4.0/../../../../avr/lib/avr5\libm.a(floatsisf.o)
 .bss           0x00000000        0x0 c:/program files (x86)/atmel/studio/7.0/toolchain/avr8/avr8-gnu-toolchain/bin/../lib/gcc/avr/5.4.0/../../../../avr/lib/avr5\libm.a(floatsisf.o)
 .text.avr-libc.fplib
                0x00000000       0x7a c:/program files (x86)/atmel/studio/7.0/toolchain/avr8/avr8-gnu-toolchain/bin/../lib/gcc/avr/5.4.0/../../../../avr/lib/avr5\libm.a(floatsisf.o)
 .text          0x00000000        0x0 c:/program files (x86)/atmel/studio/7.0/toolchain/avr8/avr8-gnu-toolchain/bin/../lib/gcc/avr/5.4.0/../../../../avr/lib/avr5\libm.a(fp_inf.o)
 .data          0x00000000        0x0 c:/program files (x86)/atmel/studio/7.0/toolchain/avr8/avr8-gnu-toolchain/bin/../lib/gcc/avr/5.4.0/../../../../avr/lib/avr5\libm.a(fp_inf.o)
 .bss           0x00000000        0x0 c:/program files (x86)/atmel/studio/7.0/toolchain/avr8/avr8-gnu-toolchain/bin/../lib/gcc/avr/5.4.0/../../../../avr/lib/avr5\libm.a(fp_inf.o)
 .text.avr-libc.fplib
                0x00000000        0xc c:/program files (x86)/atmel/studio/7.0/toolchain/avr8/avr8-gnu-toolchain/bin/../lib/gcc/avr/5.4.0/../../../../avr/lib/avr5\libm.a(fp_inf.o)
 .text          0x00000000        0x0 c:/program files (x86)/atmel/studio/7.0/toolchain/avr8/avr8-gnu-toolchain/bin/../lib/gcc/avr/5.4.0/../../../../avr/lib/avr5\libm.a(fp_nan.o)
 .data          0x00000000        0x0 c:/program files (x86)/atmel/studio/7.0/toolchain/avr8/avr8-gnu-toolchain/bin/../lib/gcc/avr/5.4.0/../../../../avr/lib/avr5\libm.a(fp_nan.o)
 .bss           0x00000000        0x0 c:/program files (x86)/atmel/studio/7.0/toolchain/avr8/avr8-gnu-toolchain/bin/../lib/gcc/avr/5.4.0/../../../../avr/lib/avr5\libm.a(fp_nan.o)
 .text.avr-libc.fplib
                0x00000000        0x6 c:/program files (x86)/atmel/studio/7.0/toolchain/avr8/avr8-gnu-toolchain/bin/../lib/gcc/avr/5.4.0/../../../../avr/lib/avr5\libm.a(fp_nan.o)
 .text          0x00000000        0x0 c:/program files (x86)/atmel/studio/7.0/toolchain/avr8/avr8-gnu-toolchain/bin/../lib/gcc/avr/5.4.0/../../../../avr/lib/avr5\libm.a(fp_pscA.o)
 .data          0x00000000        0x0 c:/program files (x86)/atmel/studio/7.0/toolchain/avr8/avr8-gnu-toolchain/bin/../lib/gcc/avr/5.4.0/../../../../avr/lib/avr5\libm.a(fp_pscA.o)
 .bss           0x00000000        0x0 c:/program files (x86)/atmel/studio/7.0/toolchain/avr8/avr8-gnu-toolchain/bin/../lib/gcc/avr/5.4.0/../../../../avr/lib/avr5\libm.a(fp_pscA.o)
 .text.avr-libc.fplib
                0x00000000        0xe c:/program files (x86)/atmel/studio/7.0/toolchain/avr8/avr8-gnu-toolchain/bin/../lib/gcc/avr/5.4.0/../../../../avr/lib/avr5\libm.a(fp_pscA.o)
 .text          0x00000000        0x0 c:/program files (x86)/atmel/studio/7.0/toolchain/avr8/avr8-gnu-toolchain/bin/../lib/gcc/avr/5.4.0/../../../../avr/lib/avr5\libm.a(fp_pscB.o)
 .data          0x00000000        0x0 c:/program files (x86)/atmel/studio/7.0/toolchain/avr8/avr8-gnu-toolchain/bin/../lib/gcc/avr/5.4.0/../../../../avr/lib/avr5\libm.a(fp_pscB.o)
 .bss           0x00000000        0x0 c:/program files (x86)/atmel/studio/7.0/toolchain/avr8/avr8-gnu-toolchain/bin/../lib/gcc/avr/5.4.0/../../../../avr/lib/avr5\libm.a(fp_pscB.o)
 .text.avr-libc.fplib
                0x00000000        0xe c:/program files (x86)/atmel/studio/7.0/toolchain/avr8/avr8-gnu-toolchain/bin/../lib/gcc/avr/5.4.0/../../../../avr/lib/avr5\libm.a(fp_pscB.o)
 .text          0x00000000        0x0 c:/program files (x86)/atmel/studio/7.0/toolchain/avr8/avr8-gnu-toolchain/bin/../lib/gcc/avr/5.4.0/../../../../avr/lib/avr5\libm.a(fp_round.o)
 .data          0x00000000        0x0 c:/program files (x86)/atmel/studio/7.0/toolchain/avr8/avr8-gnu-toolchain/bin/../lib/gcc/avr/5.4.0/../../../../avr/lib/avr5\libm.a(fp_round.o)
 .bss           0x00000000        0x0 c:/program files (x86)/atmel/studio/7.0/toolchain/avr8/avr8-gnu-toolchain/bin/../lib/gcc/avr/5.4.0/../../../../avr/lib/avr5\libm.a(fp_round.o)
 .text.avr-libc.fplib
                0x00000000       0x22 c:/program files (x86)/atmel/studio/7.0/toolchain/avr8/avr8-gnu-toolchain/bin/../lib/gcc/avr/5.4.0/../../../../avr/lib/avr5\libm.a(fp_round.o)
 .text          0x00000000        0x0 c:/program files (x86)/atmel/studio/7.0/toolchain/avr8/avr8-gnu-toolchain/bin/../lib/gcc/avr/5.4.0/../../../../avr/lib/avr5\libm.a(fp_split3.o)
 .data          0x00000000        0x0 c:/program files (x86)/atmel/studio/7.0/toolchain/avr8/avr8-gnu-toolchain/bin/../lib/gcc/avr/5.4.0/../../../../avr/lib/avr5\libm.a(fp_split3.o)
 .bss           0x00000000        0x0 c:/program files (x86)/atmel/studio/7.0/toolchain/avr8/avr8-gnu-toolchain/bin/../lib/gcc/avr/5.4.0/../../../../avr/lib/avr5\libm.a(fp_split3.o)
 .text.avr-libc.fplib
                0x00000000       0x44 c:/program files (x86)/atmel/studio/7.0/toolchain/avr8/avr8-gnu-toolchain/bin/../lib/gcc/avr/5.4.0/../../../../avr/lib/avr5\libm.a(fp_split3.o)
 .text          0x00000000        0x0 c:/program files (x86)/atmel/studio/7.0/toolchain/avr8/avr8-gnu-toolchain/bin/../lib/gcc/avr/5.4.0/../../../../avr/lib/avr5\libm.a(fp_zero.o)
 .data          0x00000000        0x0 c:/program files (x86)/atmel/studio/7.0/toolchain/avr8/avr8-gnu-toolchain/bin/../lib/gcc/avr/5.4.0/../../../../avr/lib/avr5\libm.a(fp_zero.o)
 .bss           0x00000000        0x0 c:/program files (x86)/atmel/studio/7.0/toolchain/avr8/avr8-gnu-toolchain/bin/../lib/gcc/avr/5.4.0/../../../../avr/lib/avr5\libm.a(fp_zero.o)
 .text.avr-libc.fplib
                0x00000000        0xe c:/program files (x86)/atmel/studio/7.0/toolchain/avr8/avr8-gnu-toolchain/bin/../lib/gcc/avr/5.4.0/../../../../avr/lib/avr5\libm.a(fp_zero.o)
 .text          0x00000000        0x0 c:/program files (x86)/atmel/studio/7.0/toolchain/avr8/avr8-gnu-toolchain/bin/../lib/gcc/avr/5.4.0/../../../../avr/lib/avr5\libm.a(mulsf3.o)
 .data          0x00000000        0x0 c:/program files (x86)/atmel/studio/7.0/toolchain/avr8/avr8-gnu-toolchain/bin/../lib/gcc/avr/5.4.0/../../../../avr/lib/avr5\libm.a(mulsf3.o)
 .bss           0x00000000        0x0 c:/program files (x86)/atmel/studio/7.0/toolchain/avr8/avr8-gnu-toolchain/bin/../lib/gcc/avr/5.4.0/../../../../avr/lib/avr5\libm.a(mulsf3.o)
 .text.avr-libc.fplib
                0x00000000        0x8 c:/program files (x86)/atmel/studio/7.0/toolchain/avr8/avr8-gnu-toolchain/bin/../lib/gcc/avr/5.4.0/../../../../avr/lib/avr5\libm.a(mulsf3.o)
 .text          0x00000000        0x0 c:/program files (x86)/atmel/studio/7.0/toolchain/avr8/avr8-gnu-toolchain/bin/../lib/gcc/avr/5.4.0/../../../../avr/lib/avr5\libm.a(mulsf3x.o)
 .data          0x00000000        0x0 c:/program files (x86)/atmel/studio/7.0/toolchain/avr8/avr8-gnu-toolchain/bin/../lib/gcc/avr/5.4.0/../../../../avr/lib/avr5\libm.a(mulsf3x.o)
 .bss           0x00000000        0x0 c:/program files (x86)/atmel/studio/7.0/toolchain/avr8/avr8-gnu-toolchain/bin/../lib/gcc/avr/5.4.0/../../../../avr/lib/avr5\libm.a(mulsf3x.o)
 .text.avr-libc.fplib
                0x00000000       0xd2 c:/program files (x86)/atmel/studio/7.0/toolchain/avr8/avr8-gnu-toolchain/bin/../lib/gcc/avr/5.4.0/../../../../avr/lib/avr5\libm.a(mulsf3x.o)
 .text          0x00000000        0x0 c:/program files (x86)/atmel/studio/7.0/toolchain/avr8/avr8-gnu-toolchain/bin/../lib/gcc/avr/5.4.0/avr5\libgcc.a(_udivmodqi4.o)
 .data          0x00000000        0x0 c:/program files (x86)/atmel/studio/7.0/toolchain/avr8/avr8-gnu-toolchain/bin/../lib/gcc/avr/5.4.0/avr5\libgcc.a(_udivmodqi4.o)
 .bss           0x00000000        0x0 c:/program files (x86)/atmel/studio/7.0/toolchain/avr8/avr8-gnu-toolchain/bin/../lib/gcc/avr/5.4.0/avr5\libgcc.a(_udivmodqi4.o)
 .text.libgcc.mul
                0x00000000        0x0 c:/program files (x86)/atmel/studio/7.0/toolchain/avr8/avr8-gnu-toolchain/bin/../lib/gcc/avr/5.4.0/avr5\libgcc.a(_udivmodqi4.o)
 .text.libgcc.div
                0x00000000       0x18 c:/program files (x86)/atmel/studio/7.0/toolchain/avr8/avr8-gnu-toolchain/bin/../lib/gcc/avr/5.4.0/avr5\libgcc.a(_udivmodqi4.o)
 .text.libgcc   0x00000000        0x0 c:/program files (x86)/atmel/studio/7.0/toolchain/avr8/avr8-gnu-toolchain/bin/../lib/gcc/avr/5.4.0/avr5\libgcc.a(_udivmodqi4.o)
 .text.libgcc.prologue
                0x00000000        0x0 c:/program files (x86)/atmel/studio/7.0/toolchain/avr8/avr8-gnu-toolchain/bin/../lib/gcc/avr/5.4.0/avr5\libgcc.a(_udivmodqi4.o)
 .text.libgcc.builtins
                0x00000000        0x0 c:/program files (x86)/atmel/studio/7.0/toolchain/avr8/avr8-gnu-toolchain/bin/../lib/gcc/avr/5.4.0/avr5\libgcc.a(_udivmodqi4.o)
 .text.libgcc.fmul
                0x00000000        0x0 c:/program files (x86)/atmel/studio/7.0/toolchain/avr8/avr8-gnu-toolchain/bin/../lib/gcc/avr/5.4.0/avr5\libgcc.a(_udivmodqi4.o)
 .text.libgcc.fixed
                0x00000000        0x0 c:/program files (x86)/atmel/studio/7.0/toolchain/avr8/avr8-gnu-toolchain/bin/../lib/gcc/avr/5.4.0/avr5\libgcc.a(_udivmodqi4.o)
 .text          0x00000000        0x0 c:/program files (x86)/atmel/studio/7.0/toolchain/avr8/avr8-gnu-toolchain/bin/../lib/gcc/avr/5.4.0/avr5\libgcc.a(_divmodhi4.o)
 .data          0x00000000        0x0 c:/program files (x86)/atmel/studio/7.0/toolchain/avr8/avr8-gnu-toolchain/bin/../lib/gcc/avr/5.4.0/avr5\libgcc.a(_divmodhi4.o)
 .bss           0x00000000        0x0 c:/program files (x86)/atmel/studio/7.0/toolchain/avr8/avr8-gnu-toolchain/bin/../lib/gcc/avr/5.4.0/avr5\libgcc.a(_divmodhi4.o)
 .text.libgcc.mul
                0x00000000        0x0 c:/program files (x86)/atmel/studio/7.0/toolchain/avr8/avr8-gnu-toolchain/bin/../lib/gcc/avr/5.4.0/avr5\libgcc.a(_divmodhi4.o)
 .text.libgcc.div
                0x00000000       0x28 c:/program files (x86)/atmel/studio/7.0/toolchain/avr8/avr8-gnu-toolchain/bin/../lib/gcc/avr/5.4.0/avr5\libgcc.a(_divmodhi4.o)
 .text.libgcc   0x00000000        0x0 c:/program files (x86)/atmel/studio/7.0/toolchain/avr8/avr8-gnu-toolchain/bin/../lib/gcc/avr/5.4.0/avr5\libgcc.a(_divmodhi4.o)
 .text.libgcc.prologue
                0x00000000        0x0 c:/program files (x86)/atmel/studio/7.0/toolchain/avr8/avr8-gnu-toolchain/bin/../lib/gcc/avr/5.4.0/avr5\libgcc.a(_divmodhi4.o)
 .text.libgcc.builtins
                0x00000000        0x0 c:/program files (x86)/atmel/studio/7.0/toolchain/avr8/avr8-gnu-toolchain/bin/../lib/gcc/avr/5.4.0/avr5\libgcc.a(_divmodhi4.o)
 .text.libgcc.fmul
                0x00000000        0x0 c:/program files (x86)/atmel/studio/7.0/toolchain/avr8/avr8-gnu-toolchain/bin/../lib/gcc/avr/5.4.0/avr5\libgcc.a(_divmodhi4.o)
 .text.libgcc.fixed
                0x00000000        0x0 c:/program files (x86)/atmel/studio/7.0/toolchain/avr8/avr8-gnu-toolchain/bin/../lib/gcc/avr/5.4.0/avr5\libgcc.a(_divmodhi4.o)
 .text          0x00000000        0x0 c:/program files (x86)/atmel/studio/7.0/toolchain/avr8/avr8-gnu-toolchain/bin/../lib/gcc/avr/5.4.0/avr5\libgcc.a(_udivmodsi4.o)
 .data          0x00000000        0x0 c:/program files (x86)/atmel/studio/7.0/toolchain/avr8/avr8-gnu-toolchain/bin/../lib/gcc/avr/5.4.0/avr5\libgcc.a(_udivmodsi4.o)
 .bss           0x00000000        0x0 c:/program files (x86)/atmel/studio/7.0/toolchain/avr8/avr8-gnu-toolchain/bin/../lib/gcc/avr/5.4.0/avr5\libgcc.a(_udivmodsi4.o)
 .text.libgcc.mul
                0x00000000        0x0 c:/program files (x86)/atmel/studio/7.0/toolchain/avr8/avr8-gnu-toolchain/bin/../lib/gcc/avr/5.4.0/avr5\libgcc.a(_udivmodsi4.o)
 .text.libgcc.div
                0x00000000       0x44 c:/program files (x86)/atmel/studio/7.0/toolchain/avr8/avr8-gnu-toolchain/bin/../lib/gcc/avr/5.4.0/avr5\libgcc.a(_udivmodsi4.o)
 .text.libgcc   0x00000000        0x0 c:/program files (x86)/atmel/studio/7.0/toolchain/avr8/avr8-gnu-toolchain/bin/../lib/gcc/avr/5.4.0/avr5\libgcc.a(_udivmodsi4.o)
 .text.libgcc.prologue
                0x00000000        0x0 c:/program files (x86)/atmel/studio/7.0/toolchain/avr8/avr8-gnu-toolchain/bin/../lib/gcc/avr/5.4.0/avr5\libgcc.a(_udivmodsi4.o)
 .text.libgcc.builtins
                0x00000000        0x0 c:/program files (x86)/atmel/studio/7.0/toolchain/avr8/avr8-gnu-toolchain/bin/../lib/gcc/avr/5.4.0/avr5\libgcc.a(_udivmodsi4.o)
 .text.libgcc.fmul
                0x00000000        0x0 c:/program files (x86)/atmel/studio/7.0/toolchain/avr8/avr8-gnu-toolchain/bin/../lib/gcc/avr/5.4.0/avr5\libgcc.a(_udivmodsi4.o)
 .text.libgcc.fixed
                0x00000000        0x0 c:/program files (x86)/atmel/studio/7.0/toolchain/avr8/avr8-gnu-toolchain/bin/../lib/gcc/avr/5.4.0/avr5\libgcc.a(_udivmodsi4.o)
 .text          0x00000000        0x0 c:/program files (x86)/atmel/studio/7.0/toolchain/avr8/avr8-gnu-toolchain/bin/../lib/gcc/avr/5.4.0/avr5\libgcc.a(_divmodsi4.o)
 .data          0x00000000        0x0 c:/program files (x86)/atmel/studio/7.0/toolchain/avr8/avr8-gnu-toolchain/bin/../lib/gcc/avr/5.4.0/avr5\libgcc.a(_divmodsi4.o)
 .bss           0x00000000        0x0 c:/program files (x86)/atmel/studio/7.0/toolchain/avr8/avr8-gnu-toolchain/bin/../lib/gcc/avr/5.4.0/avr5\libgcc.a(_divmodsi4.o)
 .text.libgcc.mul
                0x00000000        0x0 c:/program files (x86)/atmel/studio/7.0/toolchain/avr8/avr8-gnu-toolchain/bin/../lib/gcc/avr/5.4.0/avr5\libgcc.a(_divmodsi4.o)
 .text.libgcc.div
                0x00000000       0x2e c:/program files (x86)/atmel/studio/7.0/toolchain/avr8/avr8-gnu-toolchain/bin/../lib/gcc/avr/5.4.0/avr5\libgcc.a(_divmodsi4.o)
 .text.libgcc   0x00000000        0x0 c:/program files (x86)/atmel/studio/7.0/toolchain/avr8/avr8-gnu-toolchain/bin/../lib/gcc/avr/5.4.0/avr5\libgcc.a(_divmodsi4.o)
 .text.libgcc.prologue
                0x00000000        0x0 c:/program files (x86)/atmel/studio/7.0/toolchain/avr8/avr8-gnu-toolchain/bin/../lib/gcc/avr/5.4.0/avr5\libgcc.a(_divmodsi4.o)
 .text.libgcc.builtins
                0x00000000        0x0 c:/program files (x86)/atmel/studio/7.0/toolchain/avr8/avr8-gnu-toolchain/bin/../lib/gcc/avr/5.4.0/avr5\libgcc.a(_divmodsi4.o)
 .text.libgcc.fmul
                0x00000000        0x0 c:/program files (x86)/atmel/studio/7.0/toolchain/avr8/avr8-gnu-toolchain/bin/../lib/gcc/avr/5.4.0/avr5\libgcc.a(_divmodsi4.o)
 .text.libgcc.fixed
                0x00000000        0x0 c:/program files (x86)/atmel/studio/7.0/toolchain/avr8/avr8-gnu-toolchain/bin/../lib/gcc/avr/5.4.0/avr5\libgcc.a(_divmodsi4.o)
 .text          0x00000000        0x0 c:/program files (x86)/atmel/studio/7.0/toolchain/avr8/avr8-gnu-toolchain/bin/../lib/gcc/avr/5.4.0/avr5\libgcc.a(_negsi2.o)
 .data          0x00000000        0x0 c:/program files (x86)/atmel/studio/7.0/toolchain/avr8/avr8-gnu-toolchain/bin/../lib/gcc/avr/5.4.0/avr5\libgcc.a(_negsi2.o)
 .bss           0x00000000        0x0 c:/program files (x86)/atmel/studio/7.0/toolchain/avr8/avr8-gnu-toolchain/bin/../lib/gcc/avr/5.4.0/avr5\libgcc.a(_negsi2.o)
 .text.libgcc.mul
                0x00000000        0x0 c:/program files (x86)/atmel/studio/7.0/toolchain/avr8/avr8-gnu-toolchain/bin/../lib/gcc/avr/5.4.0/avr5\libgcc.a(_negsi2.o)
 .text.libgcc.div
                0x00000000       0x10 c:/program files (x86)/atmel/studio/7.0/toolchain/avr8/avr8-gnu-toolchain/bin/../lib/gcc/avr/5.4.0/avr5\libgcc.a(_negsi2.o)
 .text.libgcc   0x00000000        0x0 c:/program files (x86)/atmel/studio/7.0/toolchain/avr8/avr8-gnu-toolchain/bin/../lib/gcc/avr/5.4.0/avr5\libgcc.a(_negsi2.o)
 .text.libgcc.prologue
                0x00000000        0x0 c:/program files (x86)/atmel/studio/7.0/toolchain/avr8/avr8-gnu-toolchain/bin/../lib/gcc/avr/5.4.0/avr5\libgcc.a(_negsi2.o)
 .text.libgcc.builtins
                0x00000000        0x0 c:/program files (x86)/atmel/studio/7.0/toolchain/avr8/avr8-gnu-toolchain/bin/../lib/gcc/avr/5.4.0/avr5\libgcc.a(_negsi2.o)
 .text.libgcc.fmul
                0x00000000        0x0 c:/program files (x86)/atmel/studio/7.0/toolchain/avr8/avr8-gnu-toolchain/bin/../lib/gcc/avr/5.4.0/avr5\libgcc.a(_negsi2.o)
 .text.libgcc.fixed
                0x00000000        0x0 c:/program files (x86)/atmel/studio/7.0/toolchain/avr8/avr8-gnu-toolchain/bin/../lib/gcc/avr/5.4.0/avr5\libgcc.a(_negsi2.o)
 .text          0x00000000        0x0 c:/program files (x86)/atmel/studio/7.0/toolchain/avr8/avr8-gnu-toolchain/bin/../lib/gcc/avr/5.4.0/avr5\libgcc.a(_exit.o)
 .data          0x00000000        0x0 c:/program files (x86)/atmel/studio/7.0/toolchain/avr8/avr8-gnu-toolchain/bin/../lib/gcc/avr/5.4.0/avr5\libgcc.a(_exit.o)
 .bss           0x00000000        0x0 c:/program files (x86)/atmel/studio/7.0/toolchain/avr8/avr8-gnu-toolchain/bin/../lib/gcc/avr/5.4.0/avr5\libgcc.a(_exit.o)
 .text.libgcc.mul
                0x00000000        0x0 c:/program files (x86)/atmel/studio/7.0/toolchain/avr8/avr8-gnu-toolchain/bin/../lib/gcc/avr/5.4.0/avr5\libgcc.a(_exit.o)
 .text.libgcc.div
                0x00000000        0x0 c:/program files (x86)/atmel/studio/7.0/toolchain/avr8/avr8-gnu-toolchain/bin/../lib/gcc/avr/5.4.0/avr5\libgcc.a(_exit.o)
 .text.libgcc   0x00000000        0x0 c:/program files (x86)/atmel/studio/7.0/toolchain/avr8/avr8-gnu-toolchain/bin/../lib/gcc/avr/5.4.0/avr5\libgcc.a(_exit.o)
 .text.libgcc.prologue
                0x00000000        0x0 c:/program files (x86)/atmel/studio/7.0/toolchain/avr8/avr8-gnu-toolchain/bin/../lib/gcc/avr/5.4.0/avr5\libgcc.a(_exit.o)
 .text.libgcc.builtins
                0x00000000        0x0 c:/program files (x86)/atmel/studio/7.0/toolchain/avr8/avr8-gnu-toolchain/bin/../lib/gcc/avr/5.4.0/avr5\libgcc.a(_exit.o)
 .text.libgcc.fmul
                0x00000000        0x0 c:/program files (x86)/atmel/studio/7.0/toolchain/avr8/avr8-gnu-toolchain/bin/../lib/gcc/avr/5.4.0/avr5\libgcc.a(_exit.o)
 .text.libgcc.fixed
                0x00000000        0x0 c:/program files (x86)/atmel/studio/7.0/toolchain/avr8/avr8-gnu-toolchain/bin/../lib/gcc/avr/5.4.0/avr5\libgcc.a(_exit.o)
 .text          0x00000000        0x0 c:/program files (x86)/atmel/studio/7.0/toolchain/avr8/avr8-gnu-toolchain/bin/../lib/gcc/avr/5.4.0/avr5\libgcc.a(_tablejump2.o)
 .data          0x00000000        0x0 c:/program files (x86)/atmel/studio/7.0/toolchain/avr8/avr8-gnu-toolchain/bin/../lib/gcc/avr/5.4.0/avr5\libgcc.a(_tablejump2.o)
 .bss           0x00000000        0x0 c:/program files (x86)/atmel/studio/7.0/toolchain/avr8/avr8-gnu-toolchain/bin/../lib/gcc/avr/5.4.0/avr5\libgcc.a(_tablejump2.o)
 .text.libgcc.mul
                0x00000000        0x0 c:/program files (x86)/atmel/studio/7.0/toolchain/avr8/avr8-gnu-toolchain/bin/../lib/gcc/avr/5.4.0/avr5\libgcc.a(_tablejump2.o)
 .text.libgcc.div
                0x00000000        0x0 c:/program files (x86)/atmel/studio/7.0/toolchain/avr8/avr8-gnu-toolchain/bin/../lib/gcc/avr/5.4.0/avr5\libgcc.a(_tablejump2.o)
 .text.libgcc   0x00000000        0xc c:/program files (x86)/atmel/studio/7.0/toolchain/avr8/avr8-gnu-toolchain/bin/../lib/gcc/avr/5.4.0/avr5\libgcc.a(_tablejump2.o)
 .text.libgcc.prologue
                0x00000000        0x0 c:/program files (x86)/atmel/studio/7.0/toolchain/avr8/avr8-gnu-toolchain/bin/../lib/gcc/avr/5.4.0/avr5\libgcc.a(_tablejump2.o)
 .text.libgcc.builtins
                0x00000000        0x0 c:/program files (x86)/atmel/studio/7.0/toolchain/avr8/avr8-gnu-toolchain/bin/../lib/gcc/avr/5.4.0/avr5\libgcc.a(_tablejump2.o)
 .text.libgcc.fmul
                0x00000000        0x0 c:/program files (x86)/atmel/studio/7.0/toolchain/avr8/avr8-gnu-toolchain/bin/../lib/gcc/avr/5.4.0/avr5\libgcc.a(_tablejump2.o)
 .text.libgcc.fixed
                0x00000000        0x0 c:/program files (x86)/atmel/studio/7.0/toolchain/avr8/avr8-gnu-toolchain/bin/../lib/gcc/avr/5.4.0/avr5\libgcc.a(_tablejump2.o)
 .text          0x00000000        0x0 c:/program files (x86)/atmel/studio/7.0/toolchain/avr8/avr8-gnu-toolchain/bin/../lib/gcc/avr/5.4.0/avr5\libgcc.a(_copy_data.o)
 .data          0x00000000        0x0 c:/program files (x86)/atmel/studio/7.0/toolchain/avr8/avr8-gnu-toolchain/bin/../lib/gcc/avr/5.4.0/avr5\libgcc.a(_copy_data.o)
 .bss           0x00000000        0x0 c:/program files (x86)/atmel/studio/7.0/toolchain/avr8/avr8-gnu-toolchain/bin/../lib/gcc/avr/5.4.0/avr5\libgcc.a(_copy_data.o)
 .text.libgcc.mul
                0x00000000        0x0 c:/program files (x86)/atmel/studio/7.0/toolchain/avr8/avr8-gnu-toolchain/bin/../lib/gcc/avr/5.4.0/avr5\libgcc.a(_copy_data.o)
 .text.libgcc.div
                0x00000000        0x0 c:/program files (x86)/atmel/studio/7.0/toolchain/avr8/avr8-gnu-toolchain/bin/../lib/gcc/avr/5.4.0/avr5\libgcc.a(_copy_data.o)
 .text.libgcc   0x00000000        0x0 c:/program files (x86)/atmel/studio/7.0/toolchain/avr8/avr8-gnu-toolchain/bin/../lib/gcc/avr/5.4.0/avr5\libgcc.a(_copy_data.o)
 .text.libgcc.prologue
                0x00000000        0x0 c:/program files (x86)/atmel/studio/7.0/toolchain/avr8/avr8-gnu-toolchain/bin/../lib/gcc/avr/5.4.0/avr5\libgcc.a(_copy_data.o)
 .text.libgcc.builtins
                0x00000000        0x0 c:/program files (x86)/atmel/studio/7.0/toolchain/avr8/avr8-gnu-toolchain/bin/../lib/gcc/avr/5.4.0/avr5\libgcc.a(_copy_data.o)
 .text.libgcc.fmul
                0x00000000        0x0 c:/program files (x86)/atmel/studio/7.0/toolchain/avr8/avr8-gnu-toolchain/bin/../lib/gcc/avr/5.4.0/avr5\libgcc.a(_copy_data.o)
 .text.libgcc.fixed
                0x00000000        0x0 c:/program files (x86)/atmel/studio/7.0/toolchain/avr8/avr8-gnu-toolchain/bin/../lib/gcc/avr/5.4.0/avr5\libgcc.a(_copy_data.o)
 .text          0x00000000        0x0 c:/program files (x86)/atmel/studio/7.0/toolchain/avr8/avr8-gnu-toolchain/bin/../lib/gcc/avr/5.4.0/avr5\libgcc.a(_clear_bss.o)
 .data          0x00000000        0x0 c:/program files (x86)/atmel/studio/7.0/toolchain/avr8/avr8-gnu-toolchain/bin/../lib/gcc/avr/5.4.0/avr5\libgcc.a(_clear_bss.o)
 .bss           0x00000000        0x0 c:/program files (x86)/atmel/studio/7.0/toolchain/avr8/avr8-gnu-toolchain/bin/../lib/gcc/avr/5.4.0/avr5\libgcc.a(_clear_bss.o)
 .text.libgcc.mul
                0x00000000        0x0 c:/program files (x86)/atmel/studio/7.0/toolchain/avr8/avr8-gnu-toolchain/bin/../lib/gcc/avr/5.4.0/avr5\libgcc.a(_clear_bss.o)
 .text.libgcc.div
                0x00000000        0x0 c:/program files (x86)/atmel/studio/7.0/toolchain/avr8/avr8-gnu-toolchain/bin/../lib/gcc/avr/5.4.0/avr5\libgcc.a(_clear_bss.o)
 .text.libgcc   0x00000000        0x0 c:/program files (x86)/atmel/studio/7.0/toolchain/avr8/avr8-gnu-toolchain/bin/../lib/gcc/avr/5.4.0/avr5\libgcc.a(_clear_bss.o)
 .text.libgcc.prologue
                0x00000000        0x0 c:/program files (x86)/atmel/studio/7.0/toolchain/avr8/avr8-gnu-toolchain/bin/../lib/gcc/avr/5.4.0/avr5\libgcc.a(_clear_bss.o)
 .text.libgcc.builtins
                0x00000000        0x0 c:/program files (x86)/atmel/studio/7.0/toolchain/avr8/avr8-gnu-toolchain/bin/../lib/gcc/avr/5.4.0/avr5\libgcc.a(_clear_bss.o)
 .text.libgcc.fmul
                0x00000000        0x0 c:/program files (x86)/atmel/studio/7.0/toolchain/avr8/avr8-gnu-toolchain/bin/../lib/gcc/avr/5.4.0/avr5\libgcc.a(_clear_bss.o)
 .text.libgcc.fixed
                0x00000000        0x0 c:/program files (x86)/atmel/studio/7.0/toolchain/avr8/avr8-gnu-toolchain/bin/../lib/gcc/avr/5.4.0/avr5\libgcc.a(_clear_bss.o)
 .text          0x00000000        0x0 c:/program files (x86)/atmel/studio/7.0/toolchain/avr8/avr8-gnu-toolchain/bin/../lib/gcc/avr/5.4.0/avr5\libgcc.a(_umulhisi3.o)
 .data          0x00000000        0x0 c:/program files (x86)/atmel/studio/7.0/toolchain/avr8/avr8-gnu-toolchain/bin/../lib/gcc/avr/5.4.0/avr5\libgcc.a(_umulhisi3.o)
 .bss           0x00000000        0x0 c:/program files (x86)/atmel/studio/7.0/toolchain/avr8/avr8-gnu-toolchain/bin/../lib/gcc/avr/5.4.0/avr5\libgcc.a(_umulhisi3.o)
 .text.libgcc.mul
                0x00000000       0x1e c:/program files (x86)/atmel/studio/7.0/toolchain/avr8/avr8-gnu-toolchain/bin/../lib/gcc/avr/5.4.0/avr5\libgcc.a(_umulhisi3.o)
 .text.libgcc.div
                0x00000000        0x0 c:/program files (x86)/atmel/studio/7.0/toolchain/avr8/avr8-gnu-toolchain/bin/../lib/gcc/avr/5.4.0/avr5\libgcc.a(_umulhisi3.o)
 .text.libgcc   0x00000000        0x0 c:/program files (x86)/atmel/studio/7.0/toolchain/avr8/avr8-gnu-toolchain/bin/../lib/gcc/avr/5.4.0/avr5\libgcc.a(_umulhisi3.o)
 .text.libgcc.prologue
                0x00000000        0x0 c:/program files (x86)/atmel/studio/7.0/toolchain/avr8/avr8-gnu-toolchain/bin/../lib/gcc/avr/5.4.0/avr5\libgcc.a(_umulhisi3.o)
 .text.libgcc.builtins
                0x00000000        0x0 c:/program files (x86)/atmel/studio/7.0/toolchain/avr8/avr8-gnu-toolchain/bin/../lib/gcc/avr/5.4.0/avr5\libgcc.a(_umulhisi3.o)
 .text.libgcc.fmul
                0x00000000        0x0 c:/program files (x86)/atmel/studio/7.0/toolchain/avr8/avr8-gnu-toolchain/bin/../lib/gcc/avr/5.4.0/avr5\libgcc.a(_umulhisi3.o)
 .text.libgcc.fixed
                0x00000000        0x0 c:/program files (x86)/atmel/studio/7.0/toolchain/avr8/avr8-gnu-toolchain/bin/../lib/gcc/avr/5.4.0/avr5\libgcc.a(_umulhisi3.o)
 .text          0x00000000        0x0 c:/program files (x86)/atmel/studio/7.0/toolchain/avr8/avr8-gnu-toolchain/bin/../lib/gcc/avr/5.4.0/avr5\libgcc.a(_muluhisi3.o)
 .data          0x00000000        0x0 c:/program files (x86)/atmel/studio/7.0/toolchain/avr8/avr8-gnu-toolchain/bin/../lib/gcc/avr/5.4.0/avr5\libgcc.a(_muluhisi3.o)
 .bss           0x00000000        0x0 c:/program files (x86)/atmel/studio/7.0/toolchain/avr8/avr8-gnu-toolchain/bin/../lib/gcc/avr/5.4.0/avr5\libgcc.a(_muluhisi3.o)
 .text.libgcc.mul
                0x00000000       0x16 c:/program files (x86)/atmel/studio/7.0/toolchain/avr8/avr8-gnu-toolchain/bin/../lib/gcc/avr/5.4.0/avr5\libgcc.a(_muluhisi3.o)
 .text.libgcc.div
                0x00000000        0x0 c:/program files (x86)/atmel/studio/7.0/toolchain/avr8/avr8-gnu-toolchain/bin/../lib/gcc/avr/5.4.0/avr5\libgcc.a(_muluhisi3.o)
 .text.libgcc   0x00000000        0x0 c:/program files (x86)/atmel/studio/7.0/toolchain/avr8/avr8-gnu-toolchain/bin/../lib/gcc/avr/5.4.0/avr5\libgcc.a(_muluhisi3.o)
 .text.libgcc.prologue
                0x00000000        0x0 c:/program files (x86)/atmel/studio/7.0/toolchain/avr8/avr8-gnu-toolchain/bin/../lib/gcc/avr/5.4.0/avr5\libgcc.a(_muluhisi3.o)
 .text.libgcc.builtins
                0x00000000        0x0 c:/program files (x86)/atmel/studio/7.0/toolchain/avr8/avr8-gnu-toolchain/bin/../lib/gcc/avr/5.4.0/avr5\libgcc.a(_muluhisi3.o)
 .text.libgcc.fmul
                0x00000000        0x0 c:/program files (x86)/atmel/studio/7.0/toolchain/avr8/avr8-gnu-toolchain/bin/../lib/gcc/avr/5.4.0/avr5\libgcc.a(_muluhisi3.o)
 .text.libgcc.fixed
                0x00000000        0x0 c:/program files (x86)/atmel/studio/7.0/toolchain/avr8/avr8-gnu-toolchain/bin/../lib/gcc/avr/5.4.0/avr5\libgcc.a(_muluhisi3.o)
 .text          0x00000000        0x0 c:/program files (x86)/atmel/studio/7.0/toolchain/avr8/avr8-gnu-toolchain/bin/../lib/gcc/avr/5.4.0/avr5\libgcc.a(_udivmodhi4.o)
 .data          0x00000000        0x0 c:/program files (x86)/atmel/studio/7.0/toolchain/avr8/avr8-gnu-toolchain/bin/../lib/gcc/avr/5.4.0/avr5\libgcc.a(_udivmodhi4.o)
 .bss           0x00000000        0x0 c:/program files (x86)/atmel/studio/7.0/toolchain/avr8/avr8-gnu-toolchain/bin/../lib/gcc/avr/5.4.0/avr5\libgcc.a(_udivmodhi4.o)
 .text.libgcc.mul
                0x00000000        0x0 c:/program files (x86)/atmel/studio/7.0/toolchain/avr8/avr8-gnu-toolchain/bin/../lib/gcc/avr/5.4.0/avr5\libgcc.a(_udivmodhi4.o)
 .text.libgcc.div
                0x00000000       0x28 c:/program files (x86)/atmel/studio/7.0/toolchain/avr8/avr8-gnu-toolchain/bin/../lib/gcc/avr/5.4.0/avr5\libgcc.a(_udivmodhi4.o)
 .text.libgcc   0x00000000        0x0 c:/program files (x86)/atmel/studio/7.0/toolchain/avr8/avr8-gnu-toolchain/bin/../lib/gcc/avr/5.4.0/avr5\libgcc.a(_udivmodhi4.o)
 .text.libgcc.prologue
                0x00000000        0x0 c:/program files (x86)/atmel/studio/7.0/toolchain/avr8/avr8-gnu-toolchain/bin/../lib/gcc/avr/5.4.0/avr5\libgcc.a(_udivmodhi4.o)
 .text.libgcc.builtins
                0x00000000        0x0 c:/program files (x86)/atmel/studio/7.0/toolchain/avr8/avr8-gnu-toolchain/bin/../lib/gcc/avr/5.4.0/avr5\libgcc.a(_udivmodhi4.o)
 .text.libgcc.fmul
                0x00000000        0x0 c:/program files (x86)/atmel/studio/7.0/toolchain/avr8/avr8-gnu-toolchain/bin/../lib/gcc/avr/5.4.0/avr5\libgcc.a(_udivmodhi4.o)
 .text.libgcc.fixed
                0x00000000        0x0 c:/program files (x86)/atmel/studio/7.0/toolchain/avr8/avr8-gnu-toolchain/bin/../lib/gcc/avr/5.4.0/avr5\libgcc.a(_udivmodhi4.o)
 .text          0x00000000        0x0 c:/program files (x86)/atmel/studio/7.0/toolchain/avr8/avr8-gnu-toolchain/bin/../lib/gcc/avr/5.4.0/../../../../avr/lib/avr5\libc.a(itoa_ncheck.o)
 .data          0x00000000        0x0 c:/program files (x86)/atmel/studio/7.0/toolchain/avr8/avr8-gnu-toolchain/bin/../lib/gcc/avr/5.4.0/../../../../avr/lib/avr5\libc.a(itoa_ncheck.o)
 .bss           0x00000000        0x0 c:/program files (x86)/atmel/studio/7.0/toolchain/avr8/avr8-gnu-toolchain/bin/../lib/gcc/avr/5.4.0/../../../../avr/lib/avr5\libc.a(itoa_ncheck.o)
 .text          0x00000000        0x0 c:/program files (x86)/atmel/studio/7.0/toolchain/avr8/avr8-gnu-toolchain/bin/../lib/gcc/avr/5.4.0/../../../../avr/lib/avr5\libc.a(utoa_ncheck.o)
 .data          0x00000000        0x0 c:/program files (x86)/atmel/studio/7.0/toolchain/avr8/avr8-gnu-toolchain/bin/../lib/gcc/avr/5.4.0/../../../../avr/lib/avr5\libc.a(utoa_ncheck.o)
 .bss           0x00000000        0x0 c:/program files (x86)/atmel/studio/7.0/toolchain/avr8/avr8-gnu-toolchain/bin/../lib/gcc/avr/5.4.0/../../../../avr/lib/avr5\libc.a(utoa_ncheck.o)
 .text          0x00000000        0x0 c:/program files (x86)/atmel/studio/7.0/toolchain/avr8/avr8-gnu-toolchain/bin/../lib/gcc/avr/5.4.0/../../../../avr/lib/avr5\libc.a(strrev.o)
 .data          0x00000000        0x0 c:/program files (x86)/atmel/studio/7.0/toolchain/avr8/avr8-gnu-toolchain/bin/../lib/gcc/avr/5.4.0/../../../../avr/lib/avr5\libc.a(strrev.o)
 .bss           0x00000000        0x0 c:/program files (x86)/atmel/studio/7.0/toolchain/avr8/avr8-gnu-toolchain/bin/../lib/gcc/avr/5.4.0/../../../../avr/lib/avr5\libc.a(strrev.o)

Memory Configuration

Name             Origin             Length             Attributes
text             0x00000000         0x00008000         xr
data             0x00800060         0x00000800         rw !x
eeprom           0x00810000         0x00000400         rw !x
fuse             0x00820000         0x00000002         rw !x
lock             0x00830000         0x00000400         rw !x
signature        0x00840000         0x00000400         rw !x
user_signatures  0x00850000         0x00000400         rw !x
*default*        0x00000000         0xffffffff

Linker script and memory map

LOAD C:/Program Files (x86)/Atmel/Studio/7.0/Packs/atmel/ATmega_DFP/1.7.374/gcc/dev/atmega32/avr5/crtatmega32.o
LOAD APP/main.o
LOAD HAL/EEPROM/EEPROM_prog.o
LOAD HAL/Fingerprint/Fingerprint_prog.o
LOAD HAL/Keypad/Keypad_prog.o
LOAD HAL/LCD/LCD_prog.o
LOAD HAL/LM35/LM35_prog.o
LOAD HAL/RTC/RTC_prog.o
LOAD HAL/Segment/segment.o
LOAD HAL/Ultrasonic/Ultrasonic_prog.o
LOAD MCAL/ADC/ADC_prog.o
LOAD MCAL/DIO/DIO_Program.o
LOAD MCAL/EXTI/EXTI_prog.o
LOAD MCAL/GIE/GIE_prog.o
LOAD MCAL/SPI/SPI_prog.o
LOAD MCAL/TIMER0/TIMER0_prog.o
LOAD MCAL/TIMER1/TIMER1_prog.o
LOAD MCAL/TWI/TWI_prog.o
LOAD MCAL/USART/USART_prog.o
LOAD MCAL/WDT/WDT_prog.o
START GROUP
LOAD c:/program files (x86)/atmel/studio/7.0/toolchain/avr8/avr8-gnu-toolchain/bin/../lib/gcc/avr/5.4.0/../../../../avr/lib/avr5\libm.a
END GROUP
START GROUP
LOAD c:/program files (x86)/atmel/studio/7.0/toolchain/avr8/avr8-gnu-toolchain/bin/../lib/gcc/avr/5.4.0/avr5\libgcc.a
LOAD c:/program files (x86)/atmel/studio/7.0/toolchain/avr8/avr8-gnu-toolchain/bin/../lib/gcc/avr/5.4.0/../../../../avr/lib/avr5\libm.a
LOAD c:/program files (x86)/atmel/studio/7.0/toolchain/avr8/avr8-gnu-toolchain/bin/../lib/gcc/avr/5.4.0/../../../../avr/lib/avr5\libc.a
LOAD C:/Program Files (x86)/Atmel/Studio/7.0/Packs/atmel/ATmega_DFP/1.7.374/gcc/dev/atmega32/avr5\libatmega32.a
END GROUP
                0x00000000                __TEXT_REGION_ORIGIN__ = DEFINED (__TEXT_REGION_ORIGIN__)?__TEXT_REGION_ORIGIN__:0x0
                [0x00800060]                __DATA_REGION_ORIGIN__ = DEFINED (__DATA_REGION_ORIGIN__)?__DATA_REGION_ORIGIN__:0x800060
                [0x00008000]                __TEXT_REGION_LENGTH__ = DEFINED (__TEXT_REGION_LENGTH__)?__TEXT_REGION_LENGTH__:0x20000
                [0x00000800]                __DATA_REGION_LENGTH__ = DEFINED (__DATA_REGION_LENGTH__)?__DATA_REGION_LENGTH__:0xffa0
                [0x00000400]                __EEPROM_REGION_LENGTH__ = DEFINED (__EEPROM_REGION_LENGTH__)?__EEPROM_REGION_LENGTH__:0x10000
                [0x00000002]                __FUSE_REGION_LENGTH__ = DEFINED (__FUSE_REGION_LENGTH__)?__FUSE_REGION_LENGTH__:0x400
                0x00000400                __LOCK_REGION_LENGTH__ = DEFINED (__LOCK_REGION_LENGTH__)?__LOCK_REGION_LENGTH__:0x400
                0x00000400                __SIGNATURE_REGION_LENGTH__ = DEFINED (__SIGNATURE_REGION_LENGTH__)?__SIGNATURE_REGION_LENGTH__:0x400
                0x00000400                __USER_SIGNATURE_REGION_LENGTH__ = DEFINED (__USER_SIGNATURE_REGION_LENGTH__)?__USER_SIGNATURE_REGION_LENGTH__:0x400

.hash
 *(.hash)

.dynsym
 *(.dynsym)

.dynstr
 *(.dynstr)

.gnu.version
 *(.gnu.version)

.gnu.version_d
 *(.gnu.version_d)

.gnu.version_r
 *(.gnu.version_r)

.rel.init
 *(.rel.init)

.rela.init
 *(.rela.init)

.rel.text
 *(.rel.text)
 *(.rel.text.*)
 *(.rel.gnu.linkonce.t*)

.rela.text
 *(.rela.text)
 *(.rela.text.*)
 *(.rela.gnu.linkonce.t*)

.rel.fini
 *(.rel.fini)

.rela.fini
 *(.rela.fini)

.rel.rodata
 *(.rel.rodata)
 *(.rel.rodata.*)
 *(.rel.gnu.linkonce.r*)

.rela.rodata
 *(.rela.rodata)
 *(.rela.rodata.*)
 *(.rela.gnu.linkonce.r*)

.rel.data
 *(.rel.data)
 *(.rel.data.*)
 *(.rel.gnu.linkonce.d*)

.rela.data
 *(.rela.data)
 *(.rela.data.*)
 *(.rela.gnu.linkonce.d*)

.rel.ctors
 *(.rel.ctors)

.rela.ctors
 *(.rela.ctors)

.rel.dtors
 *(.rel.dtors)

.rela.dtors
 *(.rela.dtors)

.rel.got
 *(.rel.got)

.rela.got
 *(.rela.got)

.rel.bss
 *(.rel.bss)

.rela.bss
 *(.rela.bss)

.rel.plt
 *(.rel.plt)

.rela.plt
 *(.rela.plt)

.text           0x00000000      0xb2e
 *(.vectors)
 .vectors       0x00000000       0x54 C:/Program Files (x86)/Atmel/Studio/7.0/Packs/atmel/ATmega_DFP/1.7.374/gcc/dev/atmega32/avr5/crtatmega32.o
                0x00000000                __vector_default
                0x00000000                __vectors
 *(.vectors)
 *(.progmem.gcc*)
                0x00000054                . = ALIGN (0x2)
                0x00000054                __trampolines_start = .
 *(.trampolines)
 .trampolines   0x00000054        0x0 linker stubs
 *(.trampolines*)
                0x00000054                __trampolines_end = .
 *libprintf_flt.a:*(.progmem.data)
 *libc.a:*(.progmem.data)
 *(.progmem*)
                0x00000054                . = ALIGN (0x2)
 *(.jumptables)
 *(.jumptables*)
 *(.lowtext)
 *(.lowtext*)
                0x00000054                __ctors_start = .
 *(.ctors)
                0x00000054                __ctors_end = .
                0x00000054                __dtors_start = .
 *(.dtors)
                0x00000054                __dtors_end = .
 SORT(*)(.ctors)
 SORT(*)(.dtors)
 *(.init0)
 .init0         0x00000054        0x0 C:/Program Files (x86)/Atmel/Studio/7.0/Packs/atmel/ATmega_DFP/1.7.374/gcc/dev/atmega32/avr5/crtatmega32.o
                0x00000054                __init
 *(.init0)
 *(.init1)
 *(.init1)
 *(.init2)
 .init2         0x00000054        0xc C:/Program Files (x86)/Atmel/Studio/7.0/Packs/atmel/ATmega_DFP/1.7.374/gcc/dev/atmega32/avr5/crtatmega32.o
 *(.init2)
 *(.init3)
 *(.init3)
 *(.init4)
 .init4         0x00000060       0x16 c:/program files (x86)/atmel/studio/7.0/toolchain/avr8/avr8-gnu-toolchain/bin/../lib/gcc/avr/5.4.0/avr5\libgcc.a(_copy_data.o)
                0x00000060                __do_copy_data
 .init4         0x00000076       0x10 c:/program files (x86)/atmel/studio/7.0/toolchain/avr8/avr8-gnu-toolchain/bin/../lib/gcc/avr/5.4.0/avr5\libgcc.a(_clear_bss.o)
                0x00000076                __do_clear_bss
 *(.init4)
 *(.init5)
 *(.init5)
 *(.init6)
 *(.init6)
 *(.init7)
 *(.init7)
 *(.init8)
 *(.init8)
 *(.init9)
 .init9         0x00000086        0x8 C:/Program Files (x86)/Atmel/Studio/7.0/Packs/atmel/ATmega_DFP/1.7.374/gcc/dev/atmega32/avr5/crtatmega32.o
 *(.init9)
 *(.text)
 .text          0x0000008e        0x4 C:/Program Files (x86)/Atmel/Studio/7.0/Packs/atmel/ATmega_DFP/1.7.374/gcc/dev/atmega32/avr5/crtatmega32.o
                0x0000008e                __bad_interrupt
                0x0000008e                __vector_17
                0x0000008e                __vector_19
                0x0000008e                __vector_5
                0x0000008e                __vector_4
                0x0000008e                __vector_15
                0x0000008e                __vector_8
                0x0000008e                __vector_14
                0x0000008e                __vector_18
                0x0000008e                __vector_20
                0x00000092                . = ALIGN (0x2)
 *(.text.*)
 .text.main     0x00000092       0x34 APP/main.o
                0x00000092                main
 .text.receiveCallback
                0x000000c6       0x16 HAL/Fingerprint/Fingerprint_prog.o
                0x000000c6                receiveCallback
 .text.FingerPS_genImg
                0x000000dc       0x74 HAL/Fingerprint/Fingerprint_prog.o
                0x000000dc                FingerPS_genImg
 .text.H_LCD_void_latchByte
                0x00000150      0x134 HAL/LCD/LCD_prog.o
 .text.H_LCD_void_sendCommand
                0x00000284       0x86 HAL/LCD/LCD_prog.o
                0x00000284                H_LCD_void_sendCommand
 .text.H_LCD_void_Init
                0x0000030a      0x10a HAL/LCD/LCD_prog.o
                0x0000030a                H_LCD_void_Init
 .text.H_LCD_void_sendData
                0x00000414       0x86 HAL/LCD/LCD_prog.o
                0x00000414                H_LCD_void_sendData
 .text.H_LCD_void_sendString
                0x0000049a       0x26 HAL/LCD/LCD_prog.o
                0x0000049a                H_LCD_void_sendString
 .text.H_LCD_void_clearScreen
                0x000004c0        0x8 HAL/LCD/LCD_prog.o
                0x000004c0                H_LCD_void_clearScreen
 .text.H_LCD_void_sendHexNum
                0x000004c8       0x7a HAL/LCD/LCD_prog.o
                0x000004c8                H_LCD_void_sendHexNum
 .text.__vector_16
                0x00000542       0x32 MCAL/ADC/ADC_prog.o
                0x00000542                __vector_16
 .text.DIO_U8SetPinDirection
                0x00000574       0x7c MCAL/DIO/DIO_Program.o
                0x00000574                DIO_U8SetPinDirection
 .text.DIO_U8SetPinValue
                0x000005f0       0x84 MCAL/DIO/DIO_Program.o
                0x000005f0                DIO_U8SetPinValue
 .text.__vector_1
                0x00000674       0x52 MCAL/EXTI/EXTI_prog.o
                0x00000674                __vector_1
 .text.__vector_2
                0x000006c6       0x52 MCAL/EXTI/EXTI_prog.o
                0x000006c6                __vector_2
 .text.__vector_3
                0x00000718       0x52 MCAL/EXTI/EXTI_prog.o
                0x00000718                __vector_3
 .text.GIE_enable
                0x0000076a        0x4 MCAL/GIE/GIE_prog.o
                0x0000076a                GIE_enable
 .text.__vector_12
                0x0000076e       0x54 MCAL/SPI/SPI_prog.o
                0x0000076e                __vector_12
 .text.__vector_11
                0x000007c2       0xb2 MCAL/TIMER0/TIMER0_prog.o
                0x000007c2                __vector_11
 .text.__vector_10
                0x00000874       0x52 MCAL/TIMER0/TIMER0_prog.o
                0x00000874                __vector_10
 .text.__vector_9
                0x000008c6       0xd6 MCAL/TIMER1/TIMER1_prog.o
                0x000008c6                __vector_9
 .text.__vector_7
                0x0000099c       0x52 MCAL/TIMER1/TIMER1_prog.o
                0x0000099c                __vector_7
 .text.__vector_6
                0x000009ee       0x52 MCAL/TIMER1/TIMER1_prog.o
                0x000009ee                __vector_6
 .text.USART_Init
                0x00000a40       0x14 MCAL/USART/USART_prog.o
                0x00000a40                USART_Init
 .text.UART_sendByte
                0x00000a54        0x8 MCAL/USART/USART_prog.o
                0x00000a54                UART_sendByte
 .text.UART_receiveByteAsynchCallBack
                0x00000a5c       0x10 MCAL/USART/USART_prog.o
                0x00000a5c                UART_receiveByteAsynchCallBack
 .text.__vector_13
                0x00000a6c       0x54 MCAL/USART/USART_prog.o
                0x00000a6c                __vector_13
 .text.avr-libc
                0x00000ac0       0x16 c:/program files (x86)/atmel/studio/7.0/toolchain/avr8/avr8-gnu-toolchain/bin/../lib/gcc/avr/5.4.0/../../../../avr/lib/avr5\libc.a(itoa_ncheck.o)
                0x00000ac0                __itoa_ncheck
 .text.avr-libc
                0x00000ad6       0x34 c:/program files (x86)/atmel/studio/7.0/toolchain/avr8/avr8-gnu-toolchain/bin/../lib/gcc/avr/5.4.0/../../../../avr/lib/avr5\libc.a(utoa_ncheck.o)
                0x00000ad6                __utoa_ncheck
                0x00000ad8                __utoa_common
 .text.avr-libc
                0x00000b0a       0x20 c:/program files (x86)/atmel/studio/7.0/toolchain/avr8/avr8-gnu-toolchain/bin/../lib/gcc/avr/5.4.0/../../../../avr/lib/avr5\libc.a(strrev.o)
                0x00000b0a                strrev
                0x00000b2a                . = ALIGN (0x2)
 *(.fini9)
 .fini9         0x00000b2a        0x0 c:/program files (x86)/atmel/studio/7.0/toolchain/avr8/avr8-gnu-toolchain/bin/../lib/gcc/avr/5.4.0/avr5\libgcc.a(_exit.o)
                0x00000b2a                _exit
                0x00000b2a                exit
 *(.fini9)
 *(.fini8)
 *(.fini8)
 *(.fini7)
 *(.fini7)
 *(.fini6)
 *(.fini6)
 *(.fini5)
 *(.fini5)
 *(.fini4)
 *(.fini4)
 *(.fini3)
 *(.fini3)
 *(.fini2)
 *(.fini2)
 *(.fini1)
 *(.fini1)
 *(.fini0)
 .fini0         0x00000b2a        0x4 c:/program files (x86)/atmel/studio/7.0/toolchain/avr8/avr8-gnu-toolchain/bin/../lib/gcc/avr/5.4.0/avr5\libgcc.a(_exit.o)
 *(.fini0)
                0x00000b2e                _etext = .

.data           0x00800060       0x40 load address 0x00000b2e
                0x00800060                PROVIDE (__data_start, .)
 *(.data)
 *(.data*)
 *(.gnu.linkonce.d*)
 *(.rodata)
 .rodata        0x00800060       0x18 HAL/Fingerprint/Fingerprint_prog.o
 .rodata        0x00800078       0x10 HAL/LCD/LCD_prog.o
 *(.rodata*)
 .rodata.str1.1
                0x00800088        0x8 HAL/LCD/LCD_prog.o
 .rodata.writeRegisters
                0x00800090        0x8 MCAL/DIO/DIO_Program.o
                0x00800090                writeRegisters
 .rodata.directionRegisters
                0x00800098        0x8 MCAL/DIO/DIO_Program.o
                0x00800098                directionRegisters
 *(.gnu.linkonce.r*)
                0x008000a0                . = ALIGN (0x2)
                0x008000a0                _edata = .
                0x008000a0                PROVIDE (__data_end, .)

.bss            0x008000a0       0x4e
                0x008000a0                PROVIDE (__bss_start, .)
 *(.bss)
 *(.bss*)
 .bss.byte_no   0x008000a0        0x1 HAL/Fingerprint/Fingerprint_prog.o
                0x008000a0                byte_no
 .bss.ADC_callBack
                0x008000a1        0x2 MCAL/ADC/ADC_prog.o
                0x008000a1                ADC_callBack
 .bss.Action    0x008000a3        0x6 MCAL/EXTI/EXTI_prog.o
                0x008000a3                Action
 .bss.Action_Spi
                0x008000a9        0x2 MCAL/SPI/SPI_prog.o
                0x008000a9                Action_Spi
 .bss.counter.1685
                0x008000ab        0x4 MCAL/TIMER0/TIMER0_prog.o
 .bss.Action_Timer
                0x008000af        0x4 MCAL/TIMER0/TIMER0_prog.o
                0x008000af                Action_Timer
 .bss.remainingCounts
                0x008000b3        0x4 MCAL/TIMER0/TIMER0_prog.o
                0x008000b3                remainingCounts
 .bss.numOverflows
                0x008000b7        0x4 MCAL/TIMER0/TIMER0_prog.o
                0x008000b7                numOverflows
 .bss.counter.1744
                0x008000bb        0x4 MCAL/TIMER1/TIMER1_prog.o
 .bss.Action_Timer
                0x008000bf        0x8 MCAL/TIMER1/TIMER1_prog.o
 .bss.numOverflows
                0x008000c7        0x4 MCAL/TIMER1/TIMER1_prog.o
 .bss.req_numOverflows
                0x008000cb        0x4 MCAL/TIMER1/TIMER1_prog.o
 .bss.Action_Uart
                0x008000cf        0x6 MCAL/USART/USART_prog.o
                0x008000cf                Action_Uart
 *(COMMON)
 COMMON         0x008000d5       0x19 HAL/Fingerprint/Fingerprint_prog.o
                0x008000d5                buffer
                0x008000ee                PROVIDE (__bss_end, .)
                0x00000b2e                __data_load_start = LOADADDR (.data)
                0x00000b6e                __data_load_end = (__data_load_start + SIZEOF (.data))

.noinit         0x008000ee        0x0
                [!provide]                PROVIDE (__noinit_start, .)
 *(.noinit*)
                [!provide]                PROVIDE (__noinit_end, .)
                0x008000ee                _end = .
                [!provide]                PROVIDE (__heap_start, .)

.eeprom         0x00810000        0x0
 *(.eeprom*)
                0x00810000                __eeprom_end = .

.fuse
 *(.fuse)
 *(.lfuse)
 *(.hfuse)
 *(.efuse)

.lock
 *(.lock*)

.signature
 *(.signature*)

.user_signatures
 *(.user_signatures*)

.stab
 *(.stab)

.stabstr
 *(.stabstr)

.stab.excl
 *(.stab.excl)

.stab.exclstr
 *(.stab.exclstr)

.stab.index
 *(.stab.index)

.stab.indexstr
 *(.stab.indexstr)

.comment        0x00000000       0x30
 *(.comment)
 .comment       0x00000000       0x30 APP/main.o
                                 0x31 (size before relaxing)
 .comment       0x00000030       0x31 HAL/Fingerprint/Fingerprint_prog.o
 .comment       0x00000030       0x31 HAL/LCD/LCD_prog.o
 .comment       0x00000030       0x31 MCAL/ADC/ADC_prog.o
 .comment       0x00000030       0x31 MCAL/DIO/DIO_Program.o
 .comment       0x00000030       0x31 MCAL/EXTI/EXTI_prog.o
 .comment       0x00000030       0x31 MCAL/GIE/GIE_prog.o
 .comment       0x00000030       0x31 MCAL/SPI/SPI_prog.o
 .comment       0x00000030       0x31 MCAL/TIMER0/TIMER0_prog.o
 .comment       0x00000030       0x31 MCAL/TIMER1/TIMER1_prog.o
 .comment       0x00000030       0x31 MCAL/USART/USART_prog.o

.note.gnu.avr.deviceinfo
                0x00000000       0x3c
 .note.gnu.avr.deviceinfo
                0x00000000       0x3c C:/Program Files (x86)/Atmel/Studio/7.0/Packs/atmel/ATmega_DFP/1.7.374/gcc/dev/atmega32/avr5/crtatmega32.o

.note.gnu.build-id
 *(.note.gnu.build-id)

.debug
 *(.debug)

.line
 *(.line)

.debug_srcinfo
 *(.debug_srcinfo)

.debug_sfnames
 *(.debug_sfnames)

.debug_aranges  0x00000000      0x378
 *(.debug_aranges)
 .debug_aranges
                0x00000000       0x20 APP/main.o
 .debug_aranges
                0x00000020       0x58 HAL/Fingerprint/Fingerprint_prog.o
 .debug_aranges
                0x00000078       0x80 HAL/LCD/LCD_prog.o
 .debug_aranges
                0x000000f8       0x38 MCAL/ADC/ADC_prog.o
 .debug_aranges
                0x00000130       0x58 MCAL/DIO/DIO_Program.o
 .debug_aranges
                0x00000188       0x48 MCAL/EXTI/EXTI_prog.o
 .debug_aranges
                0x000001d0       0x28 MCAL/GIE/GIE_prog.o
 .debug_aranges
                0x000001f8       0x38 MCAL/SPI/SPI_prog.o
 .debug_aranges
                0x00000230       0x70 MCAL/TIMER0/TIMER0_prog.o
 .debug_aranges
                0x000002a0       0x88 MCAL/TIMER1/TIMER1_prog.o
 .debug_aranges
                0x00000328       0x50 MCAL/USART/USART_prog.o

.debug_pubnames
 *(.debug_pubnames)

.debug_info     0x00000000     0x32d9
 *(.debug_info .gnu.linkonce.wi.*)
 .debug_info    0x00000000      0x4e6 C:/Program Files (x86)/Atmel/Studio/7.0/Packs/atmel/ATmega_DFP/1.7.374/gcc/dev/atmega32/avr5/crtatmega32.o
 .debug_info    0x000004e6      0x1fe APP/main.o
 .debug_info    0x000006e4      0x663 HAL/Fingerprint/Fingerprint_prog.o
 .debug_info    0x00000d47      0xc70 HAL/LCD/LCD_prog.o
 .debug_info    0x000019b7      0x3f6 MCAL/ADC/ADC_prog.o
 .debug_info    0x00001dad      0x3cc MCAL/DIO/DIO_Program.o
 .debug_info    0x00002179      0x1ed MCAL/EXTI/EXTI_prog.o
 .debug_info    0x00002366       0x54 MCAL/GIE/GIE_prog.o
 .debug_info    0x000023ba      0x221 MCAL/SPI/SPI_prog.o
 .debug_info    0x000025db      0x489 MCAL/TIMER0/TIMER0_prog.o
 .debug_info    0x00002a64      0x640 MCAL/TIMER1/TIMER1_prog.o
 .debug_info    0x000030a4      0x235 MCAL/USART/USART_prog.o

.debug_abbrev   0x00000000     0x12d2
 *(.debug_abbrev)
 .debug_abbrev  0x00000000      0x4a3 C:/Program Files (x86)/Atmel/Studio/7.0/Packs/atmel/ATmega_DFP/1.7.374/gcc/dev/atmega32/avr5/crtatmega32.o
 .debug_abbrev  0x000004a3      0x138 APP/main.o
 .debug_abbrev  0x000005db      0x1c7 HAL/Fingerprint/Fingerprint_prog.o
 .debug_abbrev  0x000007a2      0x27b HAL/LCD/LCD_prog.o
 .debug_abbrev  0x00000a1d      0x15a MCAL/ADC/ADC_prog.o
 .debug_abbrev  0x00000b77       0xf2 MCAL/DIO/DIO_Program.o
 .debug_abbrev  0x00000c69       0xda MCAL/EXTI/EXTI_prog.o
 .debug_abbrev  0x00000d43       0x2c MCAL/GIE/GIE_prog.o
 .debug_abbrev  0x00000d6f      0x101 MCAL/SPI/SPI_prog.o
 .debug_abbrev  0x00000e70      0x17b MCAL/TIMER0/TIMER0_prog.o
 .debug_abbrev  0x00000feb      0x1b6 MCAL/TIMER1/TIMER1_prog.o
 .debug_abbrev  0x000011a1      0x131 MCAL/USART/USART_prog.o

.debug_line     0x00000000     0x1add
 *(.debug_line .debug_line.* .debug_line_end)
 .debug_line    0x00000000      0x116 C:/Program Files (x86)/Atmel/Studio/7.0/Packs/atmel/ATmega_DFP/1.7.374/gcc/dev/atmega32/avr5/crtatmega32.o
 .debug_line    0x00000116      0x23c APP/main.o
 .debug_line    0x00000352      0x3e4 HAL/Fingerprint/Fingerprint_prog.o
 .debug_line    0x00000736      0x5c1 HAL/LCD/LCD_prog.o
 .debug_line    0x00000cf7      0x167 MCAL/ADC/ADC_prog.o
 .debug_line    0x00000e5e      0x2b7 MCAL/DIO/DIO_Program.o
 .debug_line    0x00001115      0x173 MCAL/EXTI/EXTI_prog.o
 .debug_line    0x00001288       0x60 MCAL/GIE/GIE_prog.o
 .debug_line    0x000012e8      0x10a MCAL/SPI/SPI_prog.o
 .debug_line    0x000013f2      0x26f MCAL/TIMER0/TIMER0_prog.o
 .debug_line    0x00001661      0x2da MCAL/TIMER1/TIMER1_prog.o
 .debug_line    0x0000193b      0x1a2 MCAL/USART/USART_prog.o

.debug_frame    0x00000000      0xa8c
 *(.debug_frame)
 .debug_frame   0x00000000       0x24 APP/main.o
 .debug_frame   0x00000024      0x12c HAL/Fingerprint/Fingerprint_prog.o
 .debug_frame   0x00000150      0x1c8 HAL/LCD/LCD_prog.o
 .debug_frame   0x00000318       0x54 MCAL/ADC/ADC_prog.o
 .debug_frame   0x0000036c       0x94 MCAL/DIO/DIO_Program.o
 .debug_frame   0x00000400      0x14c MCAL/EXTI/EXTI_prog.o
 .debug_frame   0x0000054c       0x34 MCAL/GIE/GIE_prog.o
 .debug_frame   0x00000580       0x9c MCAL/SPI/SPI_prog.o
 .debug_frame   0x0000061c      0x178 MCAL/TIMER0/TIMER0_prog.o
 .debug_frame   0x00000794      0x200 MCAL/TIMER1/TIMER1_prog.o
 .debug_frame   0x00000994       0xf8 MCAL/USART/USART_prog.o

.debug_str      0x00000000     0x1584
 *(.debug_str)
 .debug_str     0x00000000      0x196 C:/Program Files (x86)/Atmel/Studio/7.0/Packs/atmel/ATmega_DFP/1.7.374/gcc/dev/atmega32/avr5/crtatmega32.o
 .debug_str     0x00000196      0x243 APP/main.o
                                0x27e (size before relaxing)
 .debug_str     0x000003d9      0x14a HAL/Fingerprint/Fingerprint_prog.o
                                0x330 (size before relaxing)
 .debug_str     0x00000523      0x354 HAL/LCD/LCD_prog.o
                                0x542 (size before relaxing)
 .debug_str     0x00000877      0x2a0 MCAL/ADC/ADC_prog.o
                                0x474 (size before relaxing)
 .debug_str     0x00000b17       0xd9 MCAL/DIO/DIO_Program.o
                                0x37f (size before relaxing)
 .debug_str     0x00000bf0       0x96 MCAL/EXTI/EXTI_prog.o
                                0x225 (size before relaxing)
 .debug_str     0x00000c86       0x23 MCAL/GIE/GIE_prog.o
                                0x113 (size before relaxing)
 .debug_str     0x00000ca9       0xd0 MCAL/SPI/SPI_prog.o
                                0x257 (size before relaxing)
 .debug_str     0x00000d79      0x237 MCAL/TIMER0/TIMER0_prog.o
                                0x47c (size before relaxing)
 .debug_str     0x00000fb0      0x543 MCAL/TIMER1/TIMER1_prog.o
                                0x76a (size before relaxing)
 .debug_str     0x000014f3       0x91 MCAL/USART/USART_prog.o
                                0x258 (size before relaxing)

.debug_loc      0x00000000     0x24df
 *(.debug_loc)
 .debug_loc     0x00000000       0x1e APP/main.o
 .debug_loc     0x0000001e      0x579 HAL/Fingerprint/Fingerprint_prog.o
 .debug_loc     0x00000597      0xc25 HAL/LCD/LCD_prog.o
 .debug_loc     0x000011bc      0x120 MCAL/ADC/ADC_prog.o
 .debug_loc     0x000012dc      0x353 MCAL/DIO/DIO_Program.o
 .debug_loc     0x0000162f      0x328 MCAL/EXTI/EXTI_prog.o
 .debug_loc     0x00001957      0x133 MCAL/SPI/SPI_prog.o
 .debug_loc     0x00001a8a      0x3a7 MCAL/TIMER0/TIMER0_prog.o
 .debug_loc     0x00001e31      0x46c MCAL/TIMER1/TIMER1_prog.o
 .debug_loc     0x0000229d      0x242 MCAL/USART/USART_prog.o

.debug_macinfo
 *(.debug_macinfo)

.debug_weaknames
 *(.debug_weaknames)

.debug_funcnames
 *(.debug_funcnames)

.debug_typenames
 *(.debug_typenames)

.debug_varnames
 *(.debug_varnames)

.debug_pubtypes
 *(.debug_pubtypes)

.debug_ranges   0x00000000      0x2c8
 *(.debug_ranges)
 .debug_ranges  0x00000000       0x10 APP/main.o
 .debug_ranges  0x00000010       0x48 HAL/Fingerprint/Fingerprint_prog.o
 .debug_ranges  0x00000058       0x70 HAL/LCD/LCD_prog.o
 .debug_ranges  0x000000c8       0x28 MCAL/ADC/ADC_prog.o
 .debug_ranges  0x000000f0       0x48 MCAL/DIO/DIO_Program.o
 .debug_ranges  0x00000138       0x38 MCAL/EXTI/EXTI_prog.o
 .debug_ranges  0x00000170       0x18 MCAL/GIE/GIE_prog.o
 .debug_ranges  0x00000188       0x28 MCAL/SPI/SPI_prog.o
 .debug_ranges  0x000001b0       0x60 MCAL/TIMER0/TIMER0_prog.o
 .debug_ranges  0x00000210       0x78 MCAL/TIMER1/TIMER1_prog.o
 .debug_ranges  0x00000288       0x40 MCAL/USART/USART_prog.o

.debug_macro
 *(.debug_macro)
OUTPUT(NTI_AVR_Drivers.elf elf32-avr)
LOAD linker stubs
