Archive member included to satisfy reference by file (symbol)

c:/program files (x86)/atmel/studio/7.0/toolchain/avr8/avr8-gnu-toolchain/bin/../lib/gcc/avr/5.4.0/avr5\libgcc.a(_exit.o)
                              C:/Program Files (x86)/Atmel/Studio/7.0/Packs/atmel/ATmega_DFP/1.7.374/gcc/dev/atmega32/avr5/crtatmega32.o (exit)
c:/program files (x86)/atmel/studio/7.0/toolchain/avr8/avr8-gnu-toolchain/bin/../lib/gcc/avr/5.4.0/avr5\libgcc.a(_tablejump2.o)
                              HAL/Keypad/Keypad_prog.o (__tablejump2__)
c:/program files (x86)/atmel/studio/7.0/toolchain/avr8/avr8-gnu-toolchain/bin/../lib/gcc/avr/5.4.0/avr5\libgcc.a(_copy_data.o)
                              APP/main.o (__do_copy_data)
c:/program files (x86)/atmel/studio/7.0/toolchain/avr8/avr8-gnu-toolchain/bin/../lib/gcc/avr/5.4.0/avr5\libgcc.a(_clear_bss.o)
                              APP/main.o (__do_clear_bss)
c:/program files (x86)/atmel/studio/7.0/toolchain/avr8/avr8-gnu-toolchain/bin/../lib/gcc/avr/5.4.0/../../../../avr/lib/avr5\libc.a(itoa_ncheck.o)
                              HAL/LCD/LCD_prog.o (__itoa_ncheck)
c:/program files (x86)/atmel/studio/7.0/toolchain/avr8/avr8-gnu-toolchain/bin/../lib/gcc/avr/5.4.0/../../../../avr/lib/avr5\libc.a(utoa_ncheck.o)
                              c:/program files (x86)/atmel/studio/7.0/toolchain/avr8/avr8-gnu-toolchain/bin/../lib/gcc/avr/5.4.0/../../../../avr/lib/avr5\libc.a(itoa_ncheck.o) (__utoa_common)
c:/program files (x86)/atmel/studio/7.0/toolchain/avr8/avr8-gnu-toolchain/bin/../lib/gcc/avr/5.4.0/../../../../avr/lib/avr5\libc.a(strrev.o)
                              c:/program files (x86)/atmel/studio/7.0/toolchain/avr8/avr8-gnu-toolchain/bin/../lib/gcc/avr/5.4.0/../../../../avr/lib/avr5\libc.a(utoa_ncheck.o) (strrev)

Allocating common symbols
Common symbol       size              file

ADC_enuState        0x1               APP/main.o

Discarded input sections

 .data          0x00000000        0x0 C:/Program Files (x86)/Atmel/Studio/7.0/Packs/atmel/ATmega_DFP/1.7.374/gcc/dev/atmega32/avr5/crtatmega32.o
 .bss           0x00000000        0x0 C:/Program Files (x86)/Atmel/Studio/7.0/Packs/atmel/ATmega_DFP/1.7.374/gcc/dev/atmega32/avr5/crtatmega32.o
 .text          0x00000000        0x0 APP/main.o
 .data          0x00000000        0x0 APP/main.o
 .bss           0x00000000        0x0 APP/main.o
 .rodata.databaseSize
                0x00000000        0x4 APP/main.o
 COMMON         0x00000000        0x1 APP/main.o
 .text          0x00000000        0x0 HAL/Keypad/Keypad_prog.o
 .data          0x00000000        0x0 HAL/Keypad/Keypad_prog.o
 .bss           0x00000000        0x0 HAL/Keypad/Keypad_prog.o
 .text          0x00000000        0x0 HAL/LCD/LCD_prog.o
 .data          0x00000000        0x0 HAL/LCD/LCD_prog.o
 .bss           0x00000000        0x0 HAL/LCD/LCD_prog.o
 .text.H_LCD_void_gotoXY
                0x00000000       0x2e HAL/LCD/LCD_prog.o
 .text.H_LCD_void_creatCustomChar
                0x00000000       0x3a HAL/LCD/LCD_prog.o
 .text.H_LCD_void_displayCustomChar
                0x00000000       0x14 HAL/LCD/LCD_prog.o
 .text.functionSet
                0x00000000      0x132 HAL/LCD/LCD_prog.o
 .text          0x00000000        0x0 HAL/Segment/segment.o
 .data          0x00000000        0x0 HAL/Segment/segment.o
 .bss           0x00000000        0x0 HAL/Segment/segment.o
 .text.segment_Init
                0x00000000       0x94 HAL/Segment/segment.o
 .rodata        0x00000000       0x30 HAL/Segment/segment.o
 .text.segment_Num
                0x00000000      0x102 HAL/Segment/segment.o
 .debug_info    0x00000000      0x2e4 HAL/Segment/segment.o
 .debug_abbrev  0x00000000      0x126 HAL/Segment/segment.o
 .debug_loc     0x00000000      0x18a HAL/Segment/segment.o
 .debug_aranges
                0x00000000       0x28 HAL/Segment/segment.o
 .debug_ranges  0x00000000       0x18 HAL/Segment/segment.o
 .debug_line    0x00000000      0x165 HAL/Segment/segment.o
 .debug_str     0x00000000      0x30d HAL/Segment/segment.o
 .comment       0x00000000       0x31 HAL/Segment/segment.o
 .debug_frame   0x00000000       0x6c HAL/Segment/segment.o
 .text          0x00000000        0x0 MCAL/ADC/ADC_prog.o
 .data          0x00000000        0x0 MCAL/ADC/ADC_prog.o
 .bss           0x00000000        0x0 MCAL/ADC/ADC_prog.o
 .text.ADC_Init
                0x00000000       0x32 MCAL/ADC/ADC_prog.o
 .text.ADC_getDigitalValueAsynchCallBack
                0x00000000       0x24 MCAL/ADC/ADC_prog.o
 .text.ADC_getDigitalValueSynchNonBlocking
                0x00000000       0x6e MCAL/ADC/ADC_prog.o
 .bss.flag.1827
                0x00000000        0x1 MCAL/ADC/ADC_prog.o
 .text          0x00000000        0x0 MCAL/DIO/DIO_Program.o
 .data          0x00000000        0x0 MCAL/DIO/DIO_Program.o
 .bss           0x00000000        0x0 MCAL/DIO/DIO_Program.o
 .text.DIO_U8SetPortDirection
                0x00000000       0x46 MCAL/DIO/DIO_Program.o
 .text.DIO_U8SetPortValue
                0x00000000       0x2e MCAL/DIO/DIO_Program.o
 .text.DIO_U8TogglePin
                0x00000000       0x48 MCAL/DIO/DIO_Program.o
 .text.DIO_U8TogglePort
                0x00000000       0x24 MCAL/DIO/DIO_Program.o
 .text.DIO_U8GetPortValue
                0x00000000       0x2e MCAL/DIO/DIO_Program.o
 .text          0x00000000        0x0 MCAL/EXTI/EXTI_prog.o
 .data          0x00000000        0x0 MCAL/EXTI/EXTI_prog.o
 .bss           0x00000000        0x0 MCAL/EXTI/EXTI_prog.o
 .text.EXTI_enable
                0x00000000       0x64 MCAL/EXTI/EXTI_prog.o
 .text.EXTI_disable
                0x00000000       0x20 MCAL/EXTI/EXTI_prog.o
 .text.EXTI_setCallBack
                0x00000000       0x2c MCAL/EXTI/EXTI_prog.o
 .text          0x00000000        0x0 MCAL/GIE/GIE_prog.o
 .data          0x00000000        0x0 MCAL/GIE/GIE_prog.o
 .bss           0x00000000        0x0 MCAL/GIE/GIE_prog.o
 .text.GIE_enable
                0x00000000        0x4 MCAL/GIE/GIE_prog.o
 .text.GIE_disable
                0x00000000        0x4 MCAL/GIE/GIE_prog.o
 .debug_info    0x00000000       0x54 MCAL/GIE/GIE_prog.o
 .debug_abbrev  0x00000000       0x2c MCAL/GIE/GIE_prog.o
 .debug_aranges
                0x00000000       0x28 MCAL/GIE/GIE_prog.o
 .debug_ranges  0x00000000       0x18 MCAL/GIE/GIE_prog.o
 .debug_line    0x00000000       0x60 MCAL/GIE/GIE_prog.o
 .debug_str     0x00000000      0x119 MCAL/GIE/GIE_prog.o
 .comment       0x00000000       0x31 MCAL/GIE/GIE_prog.o
 .debug_frame   0x00000000       0x34 MCAL/GIE/GIE_prog.o
 .text          0x00000000        0x0 c:/program files (x86)/atmel/studio/7.0/toolchain/avr8/avr8-gnu-toolchain/bin/../lib/gcc/avr/5.4.0/avr5\libgcc.a(_exit.o)
 .data          0x00000000        0x0 c:/program files (x86)/atmel/studio/7.0/toolchain/avr8/avr8-gnu-toolchain/bin/../lib/gcc/avr/5.4.0/avr5\libgcc.a(_exit.o)
 .bss           0x00000000        0x0 c:/program files (x86)/atmel/studio/7.0/toolchain/avr8/avr8-gnu-toolchain/bin/../lib/gcc/avr/5.4.0/avr5\libgcc.a(_exit.o)
 .text.libgcc.mul
                0x00000000        0x0 c:/program files (x86)/atmel/studio/7.0/toolchain/avr8/avr8-gnu-toolchain/bin/../lib/gcc/avr/5.4.0/avr5\libgcc.a(_exit.o)
 .text.libgcc.div
                0x00000000        0x0 c:/program files (x86)/atmel/studio/7.0/toolchain/avr8/avr8-gnu-toolchain/bin/../lib/gcc/avr/5.4.0/avr5\libgcc.a(_exit.o)
 .text.libgcc   0x00000000        0x0 c:/program files (x86)/atmel/studio/7.0/toolchain/avr8/avr8-gnu-toolchain/bin/../lib/gcc/avr/5.4.0/avr5\libgcc.a(_exit.o)
 .text.libgcc.prologue
                0x00000000        0x0 c:/program files (x86)/atmel/studio/7.0/toolchain/avr8/avr8-gnu-toolchain/bin/../lib/gcc/avr/5.4.0/avr5\libgcc.a(_exit.o)
 .text.libgcc.builtins
                0x00000000        0x0 c:/program files (x86)/atmel/studio/7.0/toolchain/avr8/avr8-gnu-toolchain/bin/../lib/gcc/avr/5.4.0/avr5\libgcc.a(_exit.o)
 .text.libgcc.fmul
                0x00000000        0x0 c:/program files (x86)/atmel/studio/7.0/toolchain/avr8/avr8-gnu-toolchain/bin/../lib/gcc/avr/5.4.0/avr5\libgcc.a(_exit.o)
 .text.libgcc.fixed
                0x00000000        0x0 c:/program files (x86)/atmel/studio/7.0/toolchain/avr8/avr8-gnu-toolchain/bin/../lib/gcc/avr/5.4.0/avr5\libgcc.a(_exit.o)
 .text          0x00000000        0x0 c:/program files (x86)/atmel/studio/7.0/toolchain/avr8/avr8-gnu-toolchain/bin/../lib/gcc/avr/5.4.0/avr5\libgcc.a(_tablejump2.o)
 .data          0x00000000        0x0 c:/program files (x86)/atmel/studio/7.0/toolchain/avr8/avr8-gnu-toolchain/bin/../lib/gcc/avr/5.4.0/avr5\libgcc.a(_tablejump2.o)
 .bss           0x00000000        0x0 c:/program files (x86)/atmel/studio/7.0/toolchain/avr8/avr8-gnu-toolchain/bin/../lib/gcc/avr/5.4.0/avr5\libgcc.a(_tablejump2.o)
 .text.libgcc.mul
                0x00000000        0x0 c:/program files (x86)/atmel/studio/7.0/toolchain/avr8/avr8-gnu-toolchain/bin/../lib/gcc/avr/5.4.0/avr5\libgcc.a(_tablejump2.o)
 .text.libgcc.div
                0x00000000        0x0 c:/program files (x86)/atmel/studio/7.0/toolchain/avr8/avr8-gnu-toolchain/bin/../lib/gcc/avr/5.4.0/avr5\libgcc.a(_tablejump2.o)
 .text.libgcc.prologue
                0x00000000        0x0 c:/program files (x86)/atmel/studio/7.0/toolchain/avr8/avr8-gnu-toolchain/bin/../lib/gcc/avr/5.4.0/avr5\libgcc.a(_tablejump2.o)
 .text.libgcc.builtins
                0x00000000        0x0 c:/program files (x86)/atmel/studio/7.0/toolchain/avr8/avr8-gnu-toolchain/bin/../lib/gcc/avr/5.4.0/avr5\libgcc.a(_tablejump2.o)
 .text.libgcc.fmul
                0x00000000        0x0 c:/program files (x86)/atmel/studio/7.0/toolchain/avr8/avr8-gnu-toolchain/bin/../lib/gcc/avr/5.4.0/avr5\libgcc.a(_tablejump2.o)
 .text.libgcc.fixed
                0x00000000        0x0 c:/program files (x86)/atmel/studio/7.0/toolchain/avr8/avr8-gnu-toolchain/bin/../lib/gcc/avr/5.4.0/avr5\libgcc.a(_tablejump2.o)
 .text          0x00000000        0x0 c:/program files (x86)/atmel/studio/7.0/toolchain/avr8/avr8-gnu-toolchain/bin/../lib/gcc/avr/5.4.0/avr5\libgcc.a(_copy_data.o)
 .data          0x00000000        0x0 c:/program files (x86)/atmel/studio/7.0/toolchain/avr8/avr8-gnu-toolchain/bin/../lib/gcc/avr/5.4.0/avr5\libgcc.a(_copy_data.o)
 .bss           0x00000000        0x0 c:/program files (x86)/atmel/studio/7.0/toolchain/avr8/avr8-gnu-toolchain/bin/../lib/gcc/avr/5.4.0/avr5\libgcc.a(_copy_data.o)
 .text.libgcc.mul
                0x00000000        0x0 c:/program files (x86)/atmel/studio/7.0/toolchain/avr8/avr8-gnu-toolchain/bin/../lib/gcc/avr/5.4.0/avr5\libgcc.a(_copy_data.o)
 .text.libgcc.div
                0x00000000        0x0 c:/program files (x86)/atmel/studio/7.0/toolchain/avr8/avr8-gnu-toolchain/bin/../lib/gcc/avr/5.4.0/avr5\libgcc.a(_copy_data.o)
 .text.libgcc   0x00000000        0x0 c:/program files (x86)/atmel/studio/7.0/toolchain/avr8/avr8-gnu-toolchain/bin/../lib/gcc/avr/5.4.0/avr5\libgcc.a(_copy_data.o)
 .text.libgcc.prologue
                0x00000000        0x0 c:/program files (x86)/atmel/studio/7.0/toolchain/avr8/avr8-gnu-toolchain/bin/../lib/gcc/avr/5.4.0/avr5\libgcc.a(_copy_data.o)
 .text.libgcc.builtins
                0x00000000        0x0 c:/program files (x86)/atmel/studio/7.0/toolchain/avr8/avr8-gnu-toolchain/bin/../lib/gcc/avr/5.4.0/avr5\libgcc.a(_copy_data.o)
 .text.libgcc.fmul
                0x00000000        0x0 c:/program files (x86)/atmel/studio/7.0/toolchain/avr8/avr8-gnu-toolchain/bin/../lib/gcc/avr/5.4.0/avr5\libgcc.a(_copy_data.o)
 .text.libgcc.fixed
                0x00000000        0x0 c:/program files (x86)/atmel/studio/7.0/toolchain/avr8/avr8-gnu-toolchain/bin/../lib/gcc/avr/5.4.0/avr5\libgcc.a(_copy_data.o)
 .text          0x00000000        0x0 c:/program files (x86)/atmel/studio/7.0/toolchain/avr8/avr8-gnu-toolchain/bin/../lib/gcc/avr/5.4.0/avr5\libgcc.a(_clear_bss.o)
 .data          0x00000000        0x0 c:/program files (x86)/atmel/studio/7.0/toolchain/avr8/avr8-gnu-toolchain/bin/../lib/gcc/avr/5.4.0/avr5\libgcc.a(_clear_bss.o)
 .bss           0x00000000        0x0 c:/program files (x86)/atmel/studio/7.0/toolchain/avr8/avr8-gnu-toolchain/bin/../lib/gcc/avr/5.4.0/avr5\libgcc.a(_clear_bss.o)
 .text.libgcc.mul
                0x00000000        0x0 c:/program files (x86)/atmel/studio/7.0/toolchain/avr8/avr8-gnu-toolchain/bin/../lib/gcc/avr/5.4.0/avr5\libgcc.a(_clear_bss.o)
 .text.libgcc.div
                0x00000000        0x0 c:/program files (x86)/atmel/studio/7.0/toolchain/avr8/avr8-gnu-toolchain/bin/../lib/gcc/avr/5.4.0/avr5\libgcc.a(_clear_bss.o)
 .text.libgcc   0x00000000        0x0 c:/program files (x86)/atmel/studio/7.0/toolchain/avr8/avr8-gnu-toolchain/bin/../lib/gcc/avr/5.4.0/avr5\libgcc.a(_clear_bss.o)
 .text.libgcc.prologue
                0x00000000        0x0 c:/program files (x86)/atmel/studio/7.0/toolchain/avr8/avr8-gnu-toolchain/bin/../lib/gcc/avr/5.4.0/avr5\libgcc.a(_clear_bss.o)
 .text.libgcc.builtins
                0x00000000        0x0 c:/program files (x86)/atmel/studio/7.0/toolchain/avr8/avr8-gnu-toolchain/bin/../lib/gcc/avr/5.4.0/avr5\libgcc.a(_clear_bss.o)
 .text.libgcc.fmul
                0x00000000        0x0 c:/program files (x86)/atmel/studio/7.0/toolchain/avr8/avr8-gnu-toolchain/bin/../lib/gcc/avr/5.4.0/avr5\libgcc.a(_clear_bss.o)
 .text.libgcc.fixed
                0x00000000        0x0 c:/program files (x86)/atmel/studio/7.0/toolchain/avr8/avr8-gnu-toolchain/bin/../lib/gcc/avr/5.4.0/avr5\libgcc.a(_clear_bss.o)
 .text          0x00000000        0x0 c:/program files (x86)/atmel/studio/7.0/toolchain/avr8/avr8-gnu-toolchain/bin/../lib/gcc/avr/5.4.0/../../../../avr/lib/avr5\libc.a(itoa_ncheck.o)
 .data          0x00000000        0x0 c:/program files (x86)/atmel/studio/7.0/toolchain/avr8/avr8-gnu-toolchain/bin/../lib/gcc/avr/5.4.0/../../../../avr/lib/avr5\libc.a(itoa_ncheck.o)
 .bss           0x00000000        0x0 c:/program files (x86)/atmel/studio/7.0/toolchain/avr8/avr8-gnu-toolchain/bin/../lib/gcc/avr/5.4.0/../../../../avr/lib/avr5\libc.a(itoa_ncheck.o)
 .text          0x00000000        0x0 c:/program files (x86)/atmel/studio/7.0/toolchain/avr8/avr8-gnu-toolchain/bin/../lib/gcc/avr/5.4.0/../../../../avr/lib/avr5\libc.a(utoa_ncheck.o)
 .data          0x00000000        0x0 c:/program files (x86)/atmel/studio/7.0/toolchain/avr8/avr8-gnu-toolchain/bin/../lib/gcc/avr/5.4.0/../../../../avr/lib/avr5\libc.a(utoa_ncheck.o)
 .bss           0x00000000        0x0 c:/program files (x86)/atmel/studio/7.0/toolchain/avr8/avr8-gnu-toolchain/bin/../lib/gcc/avr/5.4.0/../../../../avr/lib/avr5\libc.a(utoa_ncheck.o)
 .text          0x00000000        0x0 c:/program files (x86)/atmel/studio/7.0/toolchain/avr8/avr8-gnu-toolchain/bin/../lib/gcc/avr/5.4.0/../../../../avr/lib/avr5\libc.a(strrev.o)
 .data          0x00000000        0x0 c:/program files (x86)/atmel/studio/7.0/toolchain/avr8/avr8-gnu-toolchain/bin/../lib/gcc/avr/5.4.0/../../../../avr/lib/avr5\libc.a(strrev.o)
 .bss           0x00000000        0x0 c:/program files (x86)/atmel/studio/7.0/toolchain/avr8/avr8-gnu-toolchain/bin/../lib/gcc/avr/5.4.0/../../../../avr/lib/avr5\libc.a(strrev.o)

Memory Configuration

Name             Origin             Length             Attributes
text             0x00000000         0x00008000         xr
data             0x00800060         0x00000800         rw !x
eeprom           0x00810000         0x00000400         rw !x
fuse             0x00820000         0x00000002         rw !x
lock             0x00830000         0x00000400         rw !x
signature        0x00840000         0x00000400         rw !x
user_signatures  0x00850000         0x00000400         rw !x
*default*        0x00000000         0xffffffff

Linker script and memory map

LOAD C:/Program Files (x86)/Atmel/Studio/7.0/Packs/atmel/ATmega_DFP/1.7.374/gcc/dev/atmega32/avr5/crtatmega32.o
LOAD APP/main.o
LOAD HAL/Keypad/Keypad_prog.o
LOAD HAL/LCD/LCD_prog.o
LOAD HAL/Segment/segment.o
LOAD MCAL/ADC/ADC_prog.o
LOAD MCAL/DIO/DIO_Program.o
LOAD MCAL/EXTI/EXTI_prog.o
LOAD MCAL/GIE/GIE_prog.o
START GROUP
LOAD c:/program files (x86)/atmel/studio/7.0/toolchain/avr8/avr8-gnu-toolchain/bin/../lib/gcc/avr/5.4.0/../../../../avr/lib/avr5\libm.a
END GROUP
START GROUP
LOAD c:/program files (x86)/atmel/studio/7.0/toolchain/avr8/avr8-gnu-toolchain/bin/../lib/gcc/avr/5.4.0/avr5\libgcc.a
LOAD c:/program files (x86)/atmel/studio/7.0/toolchain/avr8/avr8-gnu-toolchain/bin/../lib/gcc/avr/5.4.0/../../../../avr/lib/avr5\libm.a
LOAD c:/program files (x86)/atmel/studio/7.0/toolchain/avr8/avr8-gnu-toolchain/bin/../lib/gcc/avr/5.4.0/../../../../avr/lib/avr5\libc.a
LOAD C:/Program Files (x86)/Atmel/Studio/7.0/Packs/atmel/ATmega_DFP/1.7.374/gcc/dev/atmega32/avr5\libatmega32.a
END GROUP
                0x00000000                __TEXT_REGION_ORIGIN__ = DEFINED (__TEXT_REGION_ORIGIN__)?__TEXT_REGION_ORIGIN__:0x0
                [0x00800060]                __DATA_REGION_ORIGIN__ = DEFINED (__DATA_REGION_ORIGIN__)?__DATA_REGION_ORIGIN__:0x800060
                [0x00008000]                __TEXT_REGION_LENGTH__ = DEFINED (__TEXT_REGION_LENGTH__)?__TEXT_REGION_LENGTH__:0x20000
                [0x00000800]                __DATA_REGION_LENGTH__ = DEFINED (__DATA_REGION_LENGTH__)?__DATA_REGION_LENGTH__:0xffa0
                [0x00000400]                __EEPROM_REGION_LENGTH__ = DEFINED (__EEPROM_REGION_LENGTH__)?__EEPROM_REGION_LENGTH__:0x10000
                [0x00000002]                __FUSE_REGION_LENGTH__ = DEFINED (__FUSE_REGION_LENGTH__)?__FUSE_REGION_LENGTH__:0x400
                0x00000400                __LOCK_REGION_LENGTH__ = DEFINED (__LOCK_REGION_LENGTH__)?__LOCK_REGION_LENGTH__:0x400
                0x00000400                __SIGNATURE_REGION_LENGTH__ = DEFINED (__SIGNATURE_REGION_LENGTH__)?__SIGNATURE_REGION_LENGTH__:0x400
                0x00000400                __USER_SIGNATURE_REGION_LENGTH__ = DEFINED (__USER_SIGNATURE_REGION_LENGTH__)?__USER_SIGNATURE_REGION_LENGTH__:0x400

.hash
 *(.hash)

.dynsym
 *(.dynsym)

.dynstr
 *(.dynstr)

.gnu.version
 *(.gnu.version)

.gnu.version_d
 *(.gnu.version_d)

.gnu.version_r
 *(.gnu.version_r)

.rel.init
 *(.rel.init)

.rela.init
 *(.rela.init)

.rel.text
 *(.rel.text)
 *(.rel.text.*)
 *(.rel.gnu.linkonce.t*)

.rela.text
 *(.rela.text)
 *(.rela.text.*)
 *(.rela.gnu.linkonce.t*)

.rel.fini
 *(.rel.fini)

.rela.fini
 *(.rela.fini)

.rel.rodata
 *(.rel.rodata)
 *(.rel.rodata.*)
 *(.rel.gnu.linkonce.r*)

.rela.rodata
 *(.rela.rodata)
 *(.rela.rodata.*)
 *(.rela.gnu.linkonce.r*)

.rel.data
 *(.rel.data)
 *(.rel.data.*)
 *(.rel.gnu.linkonce.d*)

.rela.data
 *(.rela.data)
 *(.rela.data.*)
 *(.rela.gnu.linkonce.d*)

.rel.ctors
 *(.rel.ctors)

.rela.ctors
 *(.rela.ctors)

.rel.dtors
 *(.rel.dtors)

.rela.dtors
 *(.rela.dtors)

.rel.got
 *(.rel.got)

.rela.got
 *(.rela.got)

.rel.bss
 *(.rel.bss)

.rela.bss
 *(.rela.bss)

.rel.plt
 *(.rel.plt)

.rela.plt
 *(.rela.plt)

.text           0x00000000      0xac4
 *(.vectors)
 .vectors       0x00000000       0x54 C:/Program Files (x86)/Atmel/Studio/7.0/Packs/atmel/ATmega_DFP/1.7.374/gcc/dev/atmega32/avr5/crtatmega32.o
                0x00000000                __vector_default
                0x00000000                __vectors
 *(.vectors)
 *(.progmem.gcc*)
 .progmem.gcc_sw_table.KEYPAD_4x4_adjustKeyNumber
                0x00000054       0x20 HAL/Keypad/Keypad_prog.o
                0x00000074                . = ALIGN (0x2)
                0x00000074                __trampolines_start = .
 *(.trampolines)
 .trampolines   0x00000074        0x0 linker stubs
 *(.trampolines*)
                0x00000074                __trampolines_end = .
 *libprintf_flt.a:*(.progmem.data)
 *libc.a:*(.progmem.data)
 *(.progmem*)
                0x00000074                . = ALIGN (0x2)
 *(.jumptables)
 *(.jumptables*)
 *(.lowtext)
 *(.lowtext*)
                0x00000074                __ctors_start = .
 *(.ctors)
                0x00000074                __ctors_end = .
                0x00000074                __dtors_start = .
 *(.dtors)
                0x00000074                __dtors_end = .
 SORT(*)(.ctors)
 SORT(*)(.dtors)
 *(.init0)
 .init0         0x00000074        0x0 C:/Program Files (x86)/Atmel/Studio/7.0/Packs/atmel/ATmega_DFP/1.7.374/gcc/dev/atmega32/avr5/crtatmega32.o
                0x00000074                __init
 *(.init0)
 *(.init1)
 *(.init1)
 *(.init2)
 .init2         0x00000074        0xc C:/Program Files (x86)/Atmel/Studio/7.0/Packs/atmel/ATmega_DFP/1.7.374/gcc/dev/atmega32/avr5/crtatmega32.o
 *(.init2)
 *(.init3)
 *(.init3)
 *(.init4)
 .init4         0x00000080       0x16 c:/program files (x86)/atmel/studio/7.0/toolchain/avr8/avr8-gnu-toolchain/bin/../lib/gcc/avr/5.4.0/avr5\libgcc.a(_copy_data.o)
                0x00000080                __do_copy_data
 .init4         0x00000096       0x10 c:/program files (x86)/atmel/studio/7.0/toolchain/avr8/avr8-gnu-toolchain/bin/../lib/gcc/avr/5.4.0/avr5\libgcc.a(_clear_bss.o)
                0x00000096                __do_clear_bss
 *(.init4)
 *(.init5)
 *(.init5)
 *(.init6)
 *(.init6)
 *(.init7)
 *(.init7)
 *(.init8)
 *(.init8)
 *(.init9)
 .init9         0x000000a6        0x8 C:/Program Files (x86)/Atmel/Studio/7.0/Packs/atmel/ATmega_DFP/1.7.374/gcc/dev/atmega32/avr5/crtatmega32.o
 *(.init9)
 *(.text)
 .text          0x000000ae        0x4 C:/Program Files (x86)/Atmel/Studio/7.0/Packs/atmel/ATmega_DFP/1.7.374/gcc/dev/atmega32/avr5/crtatmega32.o
                0x000000ae                __vector_12
                0x000000ae                __bad_interrupt
                0x000000ae                __vector_6
                0x000000ae                __vector_11
                0x000000ae                __vector_13
                0x000000ae                __vector_17
                0x000000ae                __vector_19
                0x000000ae                __vector_7
                0x000000ae                __vector_5
                0x000000ae                __vector_4
                0x000000ae                __vector_9
                0x000000ae                __vector_15
                0x000000ae                __vector_8
                0x000000ae                __vector_14
                0x000000ae                __vector_10
                0x000000ae                __vector_18
                0x000000ae                __vector_20
                0x000000b2                . = ALIGN (0x2)
 *(.text.*)
 .text.main     0x000000b2      0x198 APP/main.o
                0x000000b2                main
 .text.KEYPAD_4x4_adjustKeyNumber
                0x0000024a       0x52 HAL/Keypad/Keypad_prog.o
 .text.KEYPAD_getPressedKey
                0x0000029c      0x17e HAL/Keypad/Keypad_prog.o
                0x0000029c                KEYPAD_getPressedKey
 .text.H_LCD_void_latchByte
                0x0000041a      0x134 HAL/LCD/LCD_prog.o
 .text.H_LCD_void_sendCommand
                0x0000054e       0x86 HAL/LCD/LCD_prog.o
                0x0000054e                H_LCD_void_sendCommand
 .text.H_LCD_void_Init
                0x000005d4      0x10a HAL/LCD/LCD_prog.o
                0x000005d4                H_LCD_void_Init
 .text.H_LCD_void_sendData
                0x000006de       0x86 HAL/LCD/LCD_prog.o
                0x000006de                H_LCD_void_sendData
 .text.H_LCD_void_sendString
                0x00000764       0x26 HAL/LCD/LCD_prog.o
                0x00000764                H_LCD_void_sendString
 .text.H_LCD_void_sendIntNum
                0x0000078a       0x3e HAL/LCD/LCD_prog.o
                0x0000078a                H_LCD_void_sendIntNum
 .text.H_LCD_void_clearScreen
                0x000007c8        0x8 HAL/LCD/LCD_prog.o
                0x000007c8                H_LCD_void_clearScreen
 .text.__vector_16
                0x000007d0       0x32 MCAL/ADC/ADC_prog.o
                0x000007d0                __vector_16
 .text.DIO_U8SetPinDirection
                0x00000802       0x7c MCAL/DIO/DIO_Program.o
                0x00000802                DIO_U8SetPinDirection
 .text.DIO_U8SetPinValue
                0x0000087e       0x84 MCAL/DIO/DIO_Program.o
                0x0000087e                DIO_U8SetPinValue
 .text.DIO_U8GetPinValue
                0x00000902       0x52 MCAL/DIO/DIO_Program.o
                0x00000902                DIO_U8GetPinValue
 .text.__vector_1
                0x00000954       0x52 MCAL/EXTI/EXTI_prog.o
                0x00000954                __vector_1
 .text.__vector_2
                0x000009a6       0x52 MCAL/EXTI/EXTI_prog.o
                0x000009a6                __vector_2
 .text.__vector_3
                0x000009f8       0x52 MCAL/EXTI/EXTI_prog.o
                0x000009f8                __vector_3
 .text.libgcc   0x00000a4a        0xc c:/program files (x86)/atmel/studio/7.0/toolchain/avr8/avr8-gnu-toolchain/bin/../lib/gcc/avr/5.4.0/avr5\libgcc.a(_tablejump2.o)
                0x00000a4a                __tablejump2__
 .text.avr-libc
                0x00000a56       0x16 c:/program files (x86)/atmel/studio/7.0/toolchain/avr8/avr8-gnu-toolchain/bin/../lib/gcc/avr/5.4.0/../../../../avr/lib/avr5\libc.a(itoa_ncheck.o)
                0x00000a56                __itoa_ncheck
 .text.avr-libc
                0x00000a6c       0x34 c:/program files (x86)/atmel/studio/7.0/toolchain/avr8/avr8-gnu-toolchain/bin/../lib/gcc/avr/5.4.0/../../../../avr/lib/avr5\libc.a(utoa_ncheck.o)
                0x00000a6c                __utoa_ncheck
                0x00000a6e                __utoa_common
 .text.avr-libc
                0x00000aa0       0x20 c:/program files (x86)/atmel/studio/7.0/toolchain/avr8/avr8-gnu-toolchain/bin/../lib/gcc/avr/5.4.0/../../../../avr/lib/avr5\libc.a(strrev.o)
                0x00000aa0                strrev
                0x00000ac0                . = ALIGN (0x2)
 *(.fini9)
 .fini9         0x00000ac0        0x0 c:/program files (x86)/atmel/studio/7.0/toolchain/avr8/avr8-gnu-toolchain/bin/../lib/gcc/avr/5.4.0/avr5\libgcc.a(_exit.o)
                0x00000ac0                _exit
                0x00000ac0                exit
 *(.fini9)
 *(.fini8)
 *(.fini8)
 *(.fini7)
 *(.fini7)
 *(.fini6)
 *(.fini6)
 *(.fini5)
 *(.fini5)
 *(.fini4)
 *(.fini4)
 *(.fini3)
 *(.fini3)
 *(.fini2)
 *(.fini2)
 *(.fini1)
 *(.fini1)
 *(.fini0)
 .fini0         0x00000ac0        0x4 c:/program files (x86)/atmel/studio/7.0/toolchain/avr8/avr8-gnu-toolchain/bin/../lib/gcc/avr/5.4.0/avr5\libgcc.a(_exit.o)
 *(.fini0)
                0x00000ac4                _etext = .

.data           0x00800060       0xae load address 0x00000ac4
                0x00800060                PROVIDE (__data_start, .)
 *(.data)
 *(.data*)
 .data.names    0x00800060        0x4 APP/main.o
                0x00800060                names
 *(.gnu.linkonce.d*)
 *(.rodata)
 .rodata        0x00800064       0x10 HAL/Keypad/Keypad_prog.o
 .rodata        0x00800074       0x20 HAL/LCD/LCD_prog.o
 *(.rodata*)
 .rodata.str1.1
                0x00800094       0x52 APP/main.o
 .rodata.passwords
                0x008000e6        0x8 APP/main.o
                0x008000e6                passwords
 .rodata.IDs    0x008000ee        0x8 APP/main.o
                0x008000ee                IDs
 .rodata.readRegisters
                0x008000f6        0x8 MCAL/DIO/DIO_Program.o
                0x008000f6                readRegisters
 .rodata.writeRegisters
                0x008000fe        0x8 MCAL/DIO/DIO_Program.o
                0x008000fe                writeRegisters
 .rodata.directionRegisters
                0x00800106        0x8 MCAL/DIO/DIO_Program.o
                0x00800106                directionRegisters
 *(.gnu.linkonce.r*)
                0x0080010e                . = ALIGN (0x2)
                0x0080010e                _edata = .
                0x0080010e                PROVIDE (__data_end, .)

.bss            0x0080010e        0x8
                0x0080010e                PROVIDE (__bss_start, .)
 *(.bss)
 *(.bss*)
 .bss.ADC_callBack
                0x0080010e        0x2 MCAL/ADC/ADC_prog.o
                0x0080010e                ADC_callBack
 .bss.Action    0x00800110        0x6 MCAL/EXTI/EXTI_prog.o
                0x00800110                Action
 *(COMMON)
                0x00800116                PROVIDE (__bss_end, .)
                0x00000ac4                __data_load_start = LOADADDR (.data)
                0x00000b72                __data_load_end = (__data_load_start + SIZEOF (.data))

.noinit         0x00800116        0x0
                [!provide]                PROVIDE (__noinit_start, .)
 *(.noinit*)
                [!provide]                PROVIDE (__noinit_end, .)
                0x00800116                _end = .
                [!provide]                PROVIDE (__heap_start, .)

.eeprom         0x00810000        0x0
 *(.eeprom*)
                0x00810000                __eeprom_end = .

.fuse
 *(.fuse)
 *(.lfuse)
 *(.hfuse)
 *(.efuse)

.lock
 *(.lock*)

.signature
 *(.signature*)

.user_signatures
 *(.user_signatures*)

.stab
 *(.stab)

.stabstr
 *(.stabstr)

.stab.excl
 *(.stab.excl)

.stab.exclstr
 *(.stab.exclstr)

.stab.index
 *(.stab.index)

.stab.indexstr
 *(.stab.indexstr)

.comment        0x00000000       0x30
 *(.comment)
 .comment       0x00000000       0x30 APP/main.o
                                 0x31 (size before relaxing)
 .comment       0x00000030       0x31 HAL/Keypad/Keypad_prog.o
 .comment       0x00000030       0x31 HAL/LCD/LCD_prog.o
 .comment       0x00000030       0x31 MCAL/ADC/ADC_prog.o
 .comment       0x00000030       0x31 MCAL/DIO/DIO_Program.o
 .comment       0x00000030       0x31 MCAL/EXTI/EXTI_prog.o

.note.gnu.avr.deviceinfo
                0x00000000       0x3c
 .note.gnu.avr.deviceinfo
                0x00000000       0x3c C:/Program Files (x86)/Atmel/Studio/7.0/Packs/atmel/ATmega_DFP/1.7.374/gcc/dev/atmega32/avr5/crtatmega32.o

.note.gnu.build-id
 *(.note.gnu.build-id)

.debug
 *(.debug)

.line
 *(.line)

.debug_srcinfo
 *(.debug_srcinfo)

.debug_sfnames
 *(.debug_sfnames)

.debug_aranges  0x00000000      0x190
 *(.debug_aranges)
 .debug_aranges
                0x00000000       0x20 APP/main.o
 .debug_aranges
                0x00000020       0x28 HAL/Keypad/Keypad_prog.o
 .debug_aranges
                0x00000048       0x70 HAL/LCD/LCD_prog.o
 .debug_aranges
                0x000000b8       0x38 MCAL/ADC/ADC_prog.o
 .debug_aranges
                0x000000f0       0x58 MCAL/DIO/DIO_Program.o
 .debug_aranges
                0x00000148       0x48 MCAL/EXTI/EXTI_prog.o

.debug_pubnames
 *(.debug_pubnames)

.debug_info     0x00000000     0x236b
 *(.debug_info .gnu.linkonce.wi.*)
 .debug_info    0x00000000      0x4e6 C:/Program Files (x86)/Atmel/Studio/7.0/Packs/atmel/ATmega_DFP/1.7.374/gcc/dev/atmega32/avr5/crtatmega32.o
 .debug_info    0x000004e6      0x40d APP/main.o
 .debug_info    0x000008f3      0x36e HAL/Keypad/Keypad_prog.o
 .debug_info    0x00000c61      0xce2 HAL/LCD/LCD_prog.o
 .debug_info    0x00001943      0x46f MCAL/ADC/ADC_prog.o
 .debug_info    0x00001db2      0x3cc MCAL/DIO/DIO_Program.o
 .debug_info    0x0000217e      0x1ed MCAL/EXTI/EXTI_prog.o

.debug_abbrev   0x00000000      0xd9a
 *(.debug_abbrev)
 .debug_abbrev  0x00000000      0x4a3 C:/Program Files (x86)/Atmel/Studio/7.0/Packs/atmel/ATmega_DFP/1.7.374/gcc/dev/atmega32/avr5/crtatmega32.o
 .debug_abbrev  0x000004a3      0x1a0 APP/main.o
 .debug_abbrev  0x00000643      0x152 HAL/Keypad/Keypad_prog.o
 .debug_abbrev  0x00000795      0x279 HAL/LCD/LCD_prog.o
 .debug_abbrev  0x00000a0e      0x1c0 MCAL/ADC/ADC_prog.o
 .debug_abbrev  0x00000bce       0xf2 MCAL/DIO/DIO_Program.o
 .debug_abbrev  0x00000cc0       0xda MCAL/EXTI/EXTI_prog.o

.debug_line     0x00000000     0x1288
 *(.debug_line .debug_line.* .debug_line_end)
 .debug_line    0x00000000      0x116 C:/Program Files (x86)/Atmel/Studio/7.0/Packs/atmel/ATmega_DFP/1.7.374/gcc/dev/atmega32/avr5/crtatmega32.o
 .debug_line    0x00000116      0x2e1 APP/main.o
 .debug_line    0x000003f7      0x232 HAL/Keypad/Keypad_prog.o
 .debug_line    0x00000629      0x5fa HAL/LCD/LCD_prog.o
 .debug_line    0x00000c23      0x23b MCAL/ADC/ADC_prog.o
 .debug_line    0x00000e5e      0x2b7 MCAL/DIO/DIO_Program.o
 .debug_line    0x00001115      0x173 MCAL/EXTI/EXTI_prog.o

.debug_frame    0x00000000      0x444
 *(.debug_frame)
 .debug_frame   0x00000000       0x24 APP/main.o
 .debug_frame   0x00000024       0x6c HAL/Keypad/Keypad_prog.o
 .debug_frame   0x00000090      0x180 HAL/LCD/LCD_prog.o
 .debug_frame   0x00000210       0x54 MCAL/ADC/ADC_prog.o
 .debug_frame   0x00000264       0x94 MCAL/DIO/DIO_Program.o
 .debug_frame   0x000002f8      0x14c MCAL/EXTI/EXTI_prog.o

.debug_str      0x00000000      0xb63
 *(.debug_str)
 .debug_str     0x00000000      0x196 C:/Program Files (x86)/Atmel/Studio/7.0/Packs/atmel/ATmega_DFP/1.7.374/gcc/dev/atmega32/avr5/crtatmega32.o
 .debug_str     0x00000196      0x2a8 APP/main.o
                                0x2e3 (size before relaxing)
 .debug_str     0x0000043e      0x196 HAL/Keypad/Keypad_prog.o
                                0x329 (size before relaxing)
 .debug_str     0x000005d4      0x152 HAL/LCD/LCD_prog.o
                                0x4ba (size before relaxing)
 .debug_str     0x00000726      0x2a0 MCAL/ADC/ADC_prog.o
                                0x4b8 (size before relaxing)
 .debug_str     0x000009c6      0x107 MCAL/DIO/DIO_Program.o
                                0x385 (size before relaxing)
 .debug_str     0x00000acd       0x96 MCAL/EXTI/EXTI_prog.o
                                0x225 (size before relaxing)

.debug_loc      0x00000000     0x17c9
 *(.debug_loc)
 .debug_loc     0x00000000      0x205 APP/main.o
 .debug_loc     0x00000205      0x222 HAL/Keypad/Keypad_prog.o
 .debug_loc     0x00000427      0xbcd HAL/LCD/LCD_prog.o
 .debug_loc     0x00000ff4      0x15a MCAL/ADC/ADC_prog.o
 .debug_loc     0x0000114e      0x353 MCAL/DIO/DIO_Program.o
 .debug_loc     0x000014a1      0x328 MCAL/EXTI/EXTI_prog.o

.debug_macinfo
 *(.debug_macinfo)

.debug_weaknames
 *(.debug_weaknames)

.debug_funcnames
 *(.debug_funcnames)

.debug_typenames
 *(.debug_typenames)

.debug_varnames
 *(.debug_varnames)

.debug_pubtypes
 *(.debug_pubtypes)

.debug_ranges   0x00000000      0x1b0
 *(.debug_ranges)
 .debug_ranges  0x00000000       0x90 APP/main.o
 .debug_ranges  0x00000090       0x18 HAL/Keypad/Keypad_prog.o
 .debug_ranges  0x000000a8       0x60 HAL/LCD/LCD_prog.o
 .debug_ranges  0x00000108       0x28 MCAL/ADC/ADC_prog.o
 .debug_ranges  0x00000130       0x48 MCAL/DIO/DIO_Program.o
 .debug_ranges  0x00000178       0x38 MCAL/EXTI/EXTI_prog.o

.debug_macro
 *(.debug_macro)
OUTPUT(NTI_AVR_Drivers.elf elf32-avr)
LOAD linker stubs
