Archive member included to satisfy reference by file (symbol)

c:/program files (x86)/atmel/studio/7.0/toolchain/avr8/avr8-gnu-toolchain/bin/../lib/gcc/avr/5.4.0/../../../../avr/lib/avr5\libm.a(addsf3.o)
                              HAL/LCD/LCD_prog.o (__subsf3)
c:/program files (x86)/atmel/studio/7.0/toolchain/avr8/avr8-gnu-toolchain/bin/../lib/gcc/avr/5.4.0/../../../../avr/lib/avr5\libm.a(addsf3x.o)
                              c:/program files (x86)/atmel/studio/7.0/toolchain/avr8/avr8-gnu-toolchain/bin/../lib/gcc/avr/5.4.0/../../../../avr/lib/avr5\libm.a(addsf3.o) (__addsf3x)
c:/program files (x86)/atmel/studio/7.0/toolchain/avr8/avr8-gnu-toolchain/bin/../lib/gcc/avr/5.4.0/../../../../avr/lib/avr5\libm.a(divsf3.o)
                              HAL/LM35/LM35_prog.o (__divsf3)
c:/program files (x86)/atmel/studio/7.0/toolchain/avr8/avr8-gnu-toolchain/bin/../lib/gcc/avr/5.4.0/../../../../avr/lib/avr5\libm.a(divsf3x.o)
                              c:/program files (x86)/atmel/studio/7.0/toolchain/avr8/avr8-gnu-toolchain/bin/../lib/gcc/avr/5.4.0/../../../../avr/lib/avr5\libm.a(divsf3.o) (__divsf3x)
c:/program files (x86)/atmel/studio/7.0/toolchain/avr8/avr8-gnu-toolchain/bin/../lib/gcc/avr/5.4.0/../../../../avr/lib/avr5\libm.a(fixsfsi.o)
                              HAL/LCD/LCD_prog.o (__fixsfsi)
c:/program files (x86)/atmel/studio/7.0/toolchain/avr8/avr8-gnu-toolchain/bin/../lib/gcc/avr/5.4.0/../../../../avr/lib/avr5\libm.a(fixunssfsi.o)
                              HAL/LM35/LM35_prog.o (__fixunssfsi)
c:/program files (x86)/atmel/studio/7.0/toolchain/avr8/avr8-gnu-toolchain/bin/../lib/gcc/avr/5.4.0/../../../../avr/lib/avr5\libm.a(floatsisf.o)
                              HAL/LM35/LM35_prog.o (__floatunsisf)
c:/program files (x86)/atmel/studio/7.0/toolchain/avr8/avr8-gnu-toolchain/bin/../lib/gcc/avr/5.4.0/../../../../avr/lib/avr5\libm.a(fp_inf.o)
                              c:/program files (x86)/atmel/studio/7.0/toolchain/avr8/avr8-gnu-toolchain/bin/../lib/gcc/avr/5.4.0/../../../../avr/lib/avr5\libm.a(addsf3x.o) (__fp_inf)
c:/program files (x86)/atmel/studio/7.0/toolchain/avr8/avr8-gnu-toolchain/bin/../lib/gcc/avr/5.4.0/../../../../avr/lib/avr5\libm.a(fp_nan.o)
                              c:/program files (x86)/atmel/studio/7.0/toolchain/avr8/avr8-gnu-toolchain/bin/../lib/gcc/avr/5.4.0/../../../../avr/lib/avr5\libm.a(addsf3x.o) (__fp_nan)
c:/program files (x86)/atmel/studio/7.0/toolchain/avr8/avr8-gnu-toolchain/bin/../lib/gcc/avr/5.4.0/../../../../avr/lib/avr5\libm.a(fp_pscA.o)
                              c:/program files (x86)/atmel/studio/7.0/toolchain/avr8/avr8-gnu-toolchain/bin/../lib/gcc/avr/5.4.0/../../../../avr/lib/avr5\libm.a(addsf3x.o) (__fp_pscA)
c:/program files (x86)/atmel/studio/7.0/toolchain/avr8/avr8-gnu-toolchain/bin/../lib/gcc/avr/5.4.0/../../../../avr/lib/avr5\libm.a(fp_pscB.o)
                              c:/program files (x86)/atmel/studio/7.0/toolchain/avr8/avr8-gnu-toolchain/bin/../lib/gcc/avr/5.4.0/../../../../avr/lib/avr5\libm.a(addsf3x.o) (__fp_pscB)
c:/program files (x86)/atmel/studio/7.0/toolchain/avr8/avr8-gnu-toolchain/bin/../lib/gcc/avr/5.4.0/../../../../avr/lib/avr5\libm.a(fp_round.o)
                              c:/program files (x86)/atmel/studio/7.0/toolchain/avr8/avr8-gnu-toolchain/bin/../lib/gcc/avr/5.4.0/../../../../avr/lib/avr5\libm.a(addsf3.o) (__fp_round)
c:/program files (x86)/atmel/studio/7.0/toolchain/avr8/avr8-gnu-toolchain/bin/../lib/gcc/avr/5.4.0/../../../../avr/lib/avr5\libm.a(fp_split3.o)
                              c:/program files (x86)/atmel/studio/7.0/toolchain/avr8/avr8-gnu-toolchain/bin/../lib/gcc/avr/5.4.0/../../../../avr/lib/avr5\libm.a(addsf3x.o) (__fp_split3)
c:/program files (x86)/atmel/studio/7.0/toolchain/avr8/avr8-gnu-toolchain/bin/../lib/gcc/avr/5.4.0/../../../../avr/lib/avr5\libm.a(fp_zero.o)
                              c:/program files (x86)/atmel/studio/7.0/toolchain/avr8/avr8-gnu-toolchain/bin/../lib/gcc/avr/5.4.0/../../../../avr/lib/avr5\libm.a(addsf3x.o) (__fp_zero)
c:/program files (x86)/atmel/studio/7.0/toolchain/avr8/avr8-gnu-toolchain/bin/../lib/gcc/avr/5.4.0/../../../../avr/lib/avr5\libm.a(mulsf3.o)
                              HAL/LCD/LCD_prog.o (__mulsf3)
c:/program files (x86)/atmel/studio/7.0/toolchain/avr8/avr8-gnu-toolchain/bin/../lib/gcc/avr/5.4.0/../../../../avr/lib/avr5\libm.a(mulsf3x.o)
                              c:/program files (x86)/atmel/studio/7.0/toolchain/avr8/avr8-gnu-toolchain/bin/../lib/gcc/avr/5.4.0/../../../../avr/lib/avr5\libm.a(mulsf3.o) (__mulsf3x)
c:/program files (x86)/atmel/studio/7.0/toolchain/avr8/avr8-gnu-toolchain/bin/../lib/gcc/avr/5.4.0/avr5\libgcc.a(_udivmodqi4.o)
                              HAL/RTC/RTC_prog.o (__udivmodqi4)
c:/program files (x86)/atmel/studio/7.0/toolchain/avr8/avr8-gnu-toolchain/bin/../lib/gcc/avr/5.4.0/avr5\libgcc.a(_divmodhi4.o)
                              MCAL/TIMER0/TIMER0_prog.o (__divmodhi4)
[...]
Memory Configuration

Name             Origin             Length             Attributes
text             0x00000000         0x00008000         xr
data             0x00800060         0x00000800         rw !x
eeprom           0x00810000         0x00000400         rw !x
fuse             0x00820000         0x00000002         rw !x
lock             0x00830000         0x00000400         rw !x
signature        0x00840000         0x00000400         rw !x
user_signatures  0x00850000         0x00000400         rw !x
*default*        0x00000000         0xffffffff

Linker script and memory map

LOAD C:/Program Files (x86)/Atmel/Studio/7.0/Packs/atmel/ATmega_DFP/1.7.374/gcc/dev/atmega32/avr5/crtatmega32.o
LOAD APP/main.o
LOAD HAL/EEPROM/EEPROM_prog.o
LOAD HAL/ESP8266/ESP32_program.o
LOAD HAL/Fingerprint/Fingerprint_prog.o
LOAD HAL/Keypad/Keypad_prog.o
LOAD HAL/LCD/LCD_prog.o
LOAD HAL/LM35/LM35_prog.o
LOAD HAL/RTC/RTC_prog.o
LOAD HAL/Segment/segment.o
LOAD HAL/Ultrasonic/Ultrasonic_prog.o
LOAD MCAL/ADC/ADC_prog.o
LOAD MCAL/DIO/DIO_Program.o
LOAD MCAL/EXTI/EXTI_prog.o
LOAD MCAL/GIE/GIE_prog.o
LOAD MCAL/SPI/SPI_prog.o
LOAD MCAL/TIMER0/TIMER0_prog.o
LOAD MCAL/TIMER1/TIMER1_prog.o
LOAD MCAL/TWI/TWI_prog.o
LOAD MCAL/USART/USART_prog.o
LOAD MCAL/WDT/WDT_prog.o
START GROUP
LOAD c:/program files (x86)/atmel/studio/7.0/toolchain/avr8/avr8-gnu-toolchain/bin/../lib/gcc/avr/5.4.0/../../../../avr/lib/avr5\libm.a
END GROUP
START GROUP
LOAD c:/program files (x86)/atmel/studio/7.0/toolchain/avr8/avr8-gnu-toolchain/bin/../lib/gcc/avr/5.4.0/avr5\libgcc.a
LOAD c:/program files (x86)/atmel/studio/7.0/toolchain/avr8/avr8-gnu-toolchain/bin/../lib/gcc/avr/5.4.0/../../../../avr/lib/avr5\libm.a
LOAD c:/program files (x86)/atmel/studio/7.0/toolchain/avr8/avr8-gnu-toolchain/bin/../lib/gcc/avr/5.4.0/../../../../avr/lib/avr5\libc.a
LOAD C:/Program Files (x86)/Atmel/Studio/7.0/Packs/atmel/ATmega_DFP/1.7.374/gcc/dev/atmega32/avr5\libatmega32.a
END GROUP
                0x00000000                __TEXT_REGION_ORIGIN__ = DEFINED (__TEXT_REGION_ORIGIN__)?__TEXT_REGION_ORIGIN__:0x0
                [0x00800060]                __DATA_REGION_ORIGIN__ = DEFINED (__DATA_REGION_ORIGIN__)?__DATA_REGION_ORIGIN__:0x800060
                [0x00008000]                __TEXT_REGION_LENGTH__ = DEFINED (__TEXT_REGION_LENGTH__)?__TEXT_REGION_LENGTH__:0x20000
                [0x00000800]                __DATA_REGION_LENGTH__ = DEFINED (__DATA_REGION_LENGTH__)?__DATA_REGION_LENGTH__:0xffa0
                [0x00000400]                __EEPROM_REGION_LENGTH__ = DEFINED (__EEPROM_REGION_LENGTH__)?__EEPROM_REGION_LENGTH__:0x10000
                [0x00000002]                __FUSE_REGION_LENGTH__ = DEFINED (__FUSE_REGION_LENGTH__)?__FUSE_REGION_LENGTH__:0x400
                0x00000400                __LOCK_REGION_LENGTH__ = DEFINED (__LOCK_REGION_LENGTH__)?__LOCK_REGION_LENGTH__:0x400
                0x00000400                __SIGNATURE_REGION_LENGTH__ = DEFINED (__SIGNATURE_REGION_LENGTH__)?__SIGNATURE_REGION_LENGTH__:0x400
                0x00000400                __USER_SIGNATURE_REGION_LENGTH__ = DEFINED (__USER_SIGNATURE_REGION_LENGTH__)?__USER_SIGNATURE_REGION_LENGTH__:0x400

.hash
 *(.hash)

.dynsym
 *(.dynsym)

.dynstr
 *(.dynstr)

.gnu.version
 *(.gnu.version)

.gnu.version_d
 *(.gnu.version_d)

.gnu.version_r
 *(.gnu.version_r)

.rel.init
 *(.rel.init)

.rela.init
 *(.rela.init)

.rel.text
 *(.rel.text)
 *(.rel.text.*)
 *(.rel.gnu.linkonce.t*)

.rela.text
 *(.rela.text)
 *(.rela.text.*)
 *(.rela.gnu.linkonce.t*)

.rel.fini
 *(.rel.fini)

.rela.fini
 *(.rela.fini)

.rel.rodata
 *(.rel.rodata)
 *(.rel.rodata.*)
 *(.rel.gnu.linkonce.r*)

.rela.rodata
 *(.rela.rodata)
 *(.rela.rodata.*)
 *(.rela.gnu.linkonce.r*)

.rel.data
 *(.rel.data)
 *(.rel.data.*)
 *(.rel.gnu.linkonce.d*)

.rela.data
 *(.rela.data)
 *(.rela.data.*)
 *(.rela.gnu.linkonce.d*)

.rel.ctors
 *(.rel.ctors)

.rela.ctors
 *(.rela.ctors)

.rel.dtors
 *(.rel.dtors)

.rela.dtors
 *(.rela.dtors)

.rel.got
 *(.rel.got)

.rela.got
 *(.rela.got)

.rel.bss
 *(.rel.bss)

.rela.bss
 *(.rela.bss)

.rel.plt
 *(.rel.plt)

.rela.plt
 *(.rela.plt)

.text           0x00000000      0xd76
 *(.vectors)
 .vectors       0x00000000       0x54 C:/Program Files (x86)/Atmel/Studio/7.0/Packs/atmel/ATmega_DFP/1.7.374/gcc/dev/atmega32/avr5/crtatmega32.o
                0x00000000                __vector_default
                0x00000000                __vectors
 *(.vectors)
 *(.progmem.gcc*)
                0x00000054                . = ALIGN (0x2)
                0x00000054                __trampolines_start = .
 *(.trampolines)
 .trampolines   0x00000054        0x0 linker stubs
 *(.trampolines*)
                0x00000054                __trampolines_end = .
 *libprintf_flt.a:*(.progmem.data)
 *libc.a:*(.progmem.data)
 *(.progmem*)
                0x00000054                . = ALIGN (0x2)
 *(.jumptables)
 *(.jumptables*)
 *(.lowtext)
 *(.lowtext*)
                0x00000054                __ctors_start = .
 *(.ctors)
                0x00000054                __ctors_end = .
                0x00000054                __dtors_start = .
 *(.dtors)
                0x00000054                __dtors_end = .
 SORT(*)(.ctors)
 SORT(*)(.dtors)
 *(.init0)
 .init0         0x00000054        0x0 C:/Program Files (x86)/Atmel/Studio/7.0/Packs/atmel/ATmega_DFP/1.7.374/gcc/dev/atmega32/avr5/crtatmega32.o
                0x00000054                __init
 *(.init0)
 *(.init1)
 *(.init1)
 *(.init2)
 .init2         0x00000054        0xc C:/Program Files (x86)/Atmel/Studio/7.0/Packs/atmel/ATmega_DFP/1.7.374/gcc/dev/atmega32/avr5/crtatmega32.o
 *(.init2)
 *(.init3)
 *(.init3)
 *(.init4)
 .init4         0x00000060       0x16 c:/program files (x86)/atmel/studio/7.0/toolchain/avr8/avr8-gnu-toolchain/bin/../lib/gcc/avr/5.4.0/avr5\libgcc.a(_copy_data.o)
                0x00000060                __do_copy_data
 .init4         0x00000076       0x10 c:/program files (x86)/atmel/studio/7.0/toolchain/avr8/avr8-gnu-toolchain/bin/../lib/gcc/avr/5.4.0/avr5\libgcc.a(_clear_bss.o)
                0x00000076                __do_clear_bss
 *(.init4)
 *(.init5)
 *(.init5)
 *(.init6)
 *(.init6)
 *(.init7)
 *(.init7)
 *(.init8)
 *(.init8)
 *(.init9)
 .init9         0x00000086        0x8 C:/Program Files (x86)/Atmel/Studio/7.0/Packs/atmel/ATmega_DFP/1.7.374/gcc/dev/atmega32/avr5/crtatmega32.o
 *(.init9)
 *(.text)
 .text          0x0000008e        0x4 C:/Program Files (x86)/Atmel/Studio/7.0/Packs/atmel/ATmega_DFP/1.7.374/gcc/dev/atmega32/avr5/crtatmega32.o
                0x0000008e                __bad_interrupt
                0x0000008e                __vector_17
                0x0000008e                __vector_19
                0x0000008e                __vector_5
                0x0000008e                __vector_4
                0x0000008e                __vector_15
                0x0000008e                __vector_8
                0x0000008e                __vector_14
                0x0000008e                __vector_18
                0x0000008e                __vector_20
                0x00000092                . = ALIGN (0x2)
 *(.text.*)
 .text.encrypt  0x00000092       0x34 APP/main.o
                0x00000092                encrypt
 .text.processLedRoutine
                0x000000c6       0x7c APP/main.o
                0x000000c6                processLedRoutine
 .text.main     0x00000142       0xe0 APP/main.o
                0x00000142                main
 .text.H_LCD_void_latchByte
                0x00000222      0x134 HAL/LCD/LCD_prog.o
 .text.H_LCD_void_sendCommand
                0x00000356       0x86 HAL/LCD/LCD_prog.o
                0x00000356                H_LCD_void_sendCommand
 .text.H_LCD_void_Init
                0x000003dc      0x10a HAL/LCD/LCD_prog.o
                0x000003dc                H_LCD_void_Init
 .text.H_LCD_void_sendData
                0x000004e6       0x86 HAL/LCD/LCD_prog.o
                0x000004e6                H_LCD_void_sendData
 .text.H_LCD_void_sendString
                0x0000056c       0x26 HAL/LCD/LCD_prog.o
                0x0000056c                H_LCD_void_sendString
 .text.H_LCD_void_sendHexNum
                0x00000592       0x7a HAL/LCD/LCD_prog.o
                0x00000592                H_LCD_void_sendHexNum
 .text.__vector_16
                0x0000060c       0x32 MCAL/ADC/ADC_prog.o
                0x0000060c                __vector_16
 .text.DIO_U8SetPinDirection
                0x0000063e       0x7c MCAL/DIO/DIO_Program.o
                0x0000063e                DIO_U8SetPinDirection
 .text.DIO_U8SetPinValue
                0x000006ba       0x84 MCAL/DIO/DIO_Program.o
                0x000006ba                DIO_U8SetPinValue
 .text.__vector_1
                0x0000073e       0x52 MCAL/EXTI/EXTI_prog.o
                0x0000073e                __vector_1
 .text.__vector_2
                0x00000790       0x52 MCAL/EXTI/EXTI_prog.o
                0x00000790                __vector_2
 .text.__vector_3
                0x000007e2       0x52 MCAL/EXTI/EXTI_prog.o
                0x000007e2                __vector_3
 .text.GIE_enable
                0x00000834        0x4 MCAL/GIE/GIE_prog.o
                0x00000834                GIE_enable
 .text.__vector_12
                0x00000838       0x54 MCAL/SPI/SPI_prog.o
                0x00000838                __vector_12
 .text.__vector_11
                0x0000088c       0xb2 MCAL/TIMER0/TIMER0_prog.o
                0x0000088c                __vector_11
 .text.__vector_10
                0x0000093e       0x52 MCAL/TIMER0/TIMER0_prog.o
                0x0000093e                __vector_10
 .text.__vector_9
                0x00000990       0xd6 MCAL/TIMER1/TIMER1_prog.o
                0x00000990                __vector_9
 .text.__vector_7
                0x00000a66       0x52 MCAL/TIMER1/TIMER1_prog.o
                0x00000a66                __vector_7
 .text.__vector_6
                0x00000ab8       0x52 MCAL/TIMER1/TIMER1_prog.o
                0x00000ab8                __vector_6
 .text.USART_Init
                0x00000b0a       0x14 MCAL/USART/USART_prog.o
                0x00000b0a                USART_Init
 .text.MUART_voidRecieveByteSynch
                0x00000b1e       0x18 MCAL/USART/USART_prog.o
                0x00000b1e                MUART_voidRecieveByteSynch
 .text.__vector_13
                0x00000b36       0x54 MCAL/USART/USART_prog.o
                0x00000b36                __vector_13
 .text.libgcc.div
                0x00000b8a       0x44 c:/program files (x86)/atmel/studio/7.0/toolchain/avr8/avr8-gnu-toolchain/bin/../lib/gcc/avr/5.4.0/avr5\libgcc.a(_udivmodsi4.o)
                0x00000b8a                __udivmodsi4
 .text.libgcc.div
                0x00000bce       0x2e c:/program files (x86)/atmel/studio/7.0/toolchain/avr8/avr8-gnu-toolchain/bin/../lib/gcc/avr/5.4.0/avr5\libgcc.a(_divmodsi4.o)
                0x00000bce                __divmodsi4
 .text.libgcc.div
                0x00000bfc       0x10 c:/program files (x86)/atmel/studio/7.0/toolchain/avr8/avr8-gnu-toolchain/bin/../lib/gcc/avr/5.4.0/avr5\libgcc.a(_negsi2.o)
                0x00000bfc                __negsi2
 .text.libgcc.mul
                0x00000c0c       0x1e c:/program files (x86)/atmel/studio/7.0/toolchain/avr8/avr8-gnu-toolchain/bin/../lib/gcc/avr/5.4.0/avr5\libgcc.a(_umulhisi3.o)
                0x00000c0c                __umulhisi3
 .text.libgcc.mul
                0x00000c2a       0x16 c:/program files (x86)/atmel/studio/7.0/toolchain/avr8/avr8-gnu-toolchain/bin/../lib/gcc/avr/5.4.0/avr5\libgcc.a(_muluhisi3.o)
                0x00000c2a                __muluhisi3
 .text.avr-libc
                0x00000c40       0xb8 c:/program files (x86)/atmel/studio/7.0/toolchain/avr8/avr8-gnu-toolchain/bin/../lib/gcc/avr/5.4.0/../../../../avr/lib/avr5\libc.a(rand.o)
                0x00000cd2                rand_r
                0x00000cd8                rand
                0x00000ce2                srand
 .text.avr-libc
                0x00000cf8       0x16 c:/program files (x86)/atmel/studio/7.0/toolchain/avr8/avr8-gnu-toolchain/bin/../lib/gcc/avr/5.4.0/../../../../avr/lib/avr5\libc.a(itoa_ncheck.o)
                0x00000cf8                __itoa_ncheck
 .text.avr-libc
                0x00000d0e       0x34 c:/program files (x86)/atmel/studio/7.0/toolchain/avr8/avr8-gnu-toolchain/bin/../lib/gcc/avr/5.4.0/../../../../avr/lib/avr5\libc.a(utoa_ncheck.o)
                0x00000d0e                __utoa_ncheck
                0x00000d10                __utoa_common
 .text.avr-libc
                0x00000d42       0x20 c:/program files (x86)/atmel/studio/7.0/toolchain/avr8/avr8-gnu-toolchain/bin/../lib/gcc/avr/5.4.0/../../../../avr/lib/avr5\libc.a(strrev.o)
                0x00000d42                strrev
 .text.libgcc.mul
                0x00000d62       0x10 c:/program files (x86)/atmel/studio/7.0/toolchain/avr8/avr8-gnu-toolchain/bin/../lib/gcc/avr/5.4.0/avr5\libgcc.a(_mulshisi3.o)
                0x00000d62                __mulshisi3
                0x00000d68                __mulohisi3
                0x00000d72                . = ALIGN (0x2)
 *(.fini9)
 .fini9         0x00000d72        0x0 c:/program files (x86)/atmel/studio/7.0/toolchain/avr8/avr8-gnu-toolchain/bin/../lib/gcc/avr/5.4.0/avr5\libgcc.a(_exit.o)
                0x00000d72                _exit
                0x00000d72                exit
 *(.fini9)
 *(.fini8)
 *(.fini8)
 *(.fini7)
 *(.fini7)
 *(.fini6)
 *(.fini6)
 *(.fini5)
 *(.fini5)
 *(.fini4)
 *(.fini4)
 *(.fini3)
 *(.fini3)
 *(.fini2)
 *(.fini2)
 *(.fini1)
 *(.fini1)
 *(.fini0)
 .fini0         0x00000d72        0x4 c:/program files (x86)/atmel/studio/7.0/toolchain/avr8/avr8-gnu-toolchain/bin/../lib/gcc/avr/5.4.0/avr5\libgcc.a(_exit.o)
 *(.fini0)
                0x00000d76                _etext = .

.data           0x00800060       0x32 load address 0x00000d76
                0x00800060                PROVIDE (__data_start, .)
 *(.data)
 .data          0x00800060        0x4 c:/program files (x86)/atmel/studio/7.0/toolchain/avr8/avr8-gnu-toolchain/bin/../lib/gcc/avr/5.4.0/../../../../avr/lib/avr5\libc.a(rand.o)
 *(.data*)
 .data.state    0x00800064        0x1 APP/main.o
                0x00800064                state
 .data.key      0x00800065        0x4 APP/main.o
                0x00800065                key
 *(.gnu.linkonce.d*)
 *(.rodata)
 .rodata        0x00800069       0x10 HAL/LCD/LCD_prog.o
 *(.rodata*)
 .rodata.str1.1
                0x00800079        0x8 HAL/LCD/LCD_prog.o
 .rodata.writeRegisters
                0x00800081        0x8 MCAL/DIO/DIO_Program.o
                0x00800081                writeRegisters
 .rodata.directionRegisters
                0x00800089        0x8 MCAL/DIO/DIO_Program.o
                0x00800089                directionRegisters
 *(.gnu.linkonce.r*)
                0x00800092                . = ALIGN (0x2)
 *fill*         0x00800091        0x1 
                0x00800092                _edata = .
                0x00800092                PROVIDE (__data_end, .)

.bss            0x00800092       0x34
                0x00800092                PROVIDE (__bss_start, .)
 *(.bss)
 *(.bss*)
 .bss.ADC_callBack
                0x00800092        0x2 MCAL/ADC/ADC_prog.o
                0x00800092                ADC_callBack
 .bss.Action    0x00800094        0x6 MCAL/EXTI/EXTI_prog.o
                0x00800094                Action
 .bss.Action_Spi
                0x0080009a        0x2 MCAL/SPI/SPI_prog.o
                0x0080009a                Action_Spi
 .bss.counter.1685
                0x0080009c        0x4 MCAL/TIMER0/TIMER0_prog.o
 .bss.Action_Timer
                0x008000a0        0x4 MCAL/TIMER0/TIMER0_prog.o
                0x008000a0                Action_Timer
 .bss.remainingCounts
                0x008000a4        0x4 MCAL/TIMER0/TIMER0_prog.o
                0x008000a4                remainingCounts
 .bss.numOverflows
                0x008000a8        0x4 MCAL/TIMER0/TIMER0_prog.o
                0x008000a8                numOverflows
 .bss.counter.1744
                0x008000ac        0x4 MCAL/TIMER1/TIMER1_prog.o
 .bss.Action_Timer
                0x008000b0        0x8 MCAL/TIMER1/TIMER1_prog.o
 .bss.numOverflows
                0x008000b8        0x4 MCAL/TIMER1/TIMER1_prog.o
 .bss.req_numOverflows
                0x008000bc        0x4 MCAL/TIMER1/TIMER1_prog.o
 .bss.Action_Uart
                0x008000c0        0x6 MCAL/USART/USART_prog.o
                0x008000c0                Action_Uart
 *(COMMON)
                0x008000c6                PROVIDE (__bss_end, .)
                0x00000d76                __data_load_start = LOADADDR (.data)
                0x00000da8                __data_load_end = (__data_load_start + SIZEOF (.data))

.noinit         0x008000c6        0x0
                [!provide]                PROVIDE (__noinit_start, .)
 *(.noinit*)
                [!provide]                PROVIDE (__noinit_end, .)
                0x008000c6                _end = .
                [!provide]                PROVIDE (__heap_start, .)

.eeprom         0x00810000        0x0
 *(.eeprom*)
                0x00810000                __eeprom_end = .

.fuse
 *(.fuse)
 *(.lfuse)
 *(.hfuse)
 *(.efuse)

.lock
 *(.lock*)

.signature
 *(.signature*)

.user_signatures
 *(.user_signatures*)

.stab
 *(.stab)

.stabstr
 *(.stabstr)

.stab.excl
 *(.stab.excl)

.stab.exclstr
 *(.stab.exclstr)

.stab.index
 *(.stab.index)

.stab.indexstr
 *(.stab.indexstr)

.comment        0x00000000       0x30
 *(.comment)
 .comment       0x00000000       0x30 APP/main.o
                                 0x31 (size before relaxing)
 .comment       0x00000030       0x31 HAL/LCD/LCD_prog.o
 .comment       0x00000030       0x31 MCAL/ADC/ADC_prog.o
 .comment       0x00000030       0x31 MCAL/DIO/DIO_Program.o
 .comment       0x00000030       0x31 MCAL/EXTI/EXTI_prog.o
 .comment       0x00000030       0x31 MCAL/GIE/GIE_prog.o
 .comment       0x00000030       0x31 MCAL/SPI/SPI_prog.o
 .comment       0x00000030       0x31 MCAL/TIMER0/TIMER0_prog.o
 .comment       0x00000030       0x31 MCAL/TIMER1/TIMER1_prog.o
 .comment       0x00000030       0x31 MCAL/USART/USART_prog.o
 .comment       0x00000030       0x31 c:/program files (x86)/atmel/studio/7.0/toolchain/avr8/avr8-gnu-toolchain/bin/../lib/gcc/avr/5.4.0/../../../../avr/lib/avr5\libc.a(rand.o)

.note.gnu.avr.deviceinfo
                0x00000000       0x3c
 .note.gnu.avr.deviceinfo
                0x00000000       0x3c C:/Program Files (x86)/Atmel/Studio/7.0/Packs/atmel/ATmega_DFP/1.7.374/gcc/dev/atmega32/avr5/crtatmega32.o

.note.gnu.build-id
 *(.note.gnu.build-id)

.debug
 *(.debug)

.line
 *(.line)

.debug_srcinfo
 *(.debug_srcinfo)

.debug_sfnames
 *(.debug_sfnames)

.debug_aranges  0x00000000      0x330
 *(.debug_aranges)
 .debug_aranges
                0x00000000       0x30 APP/main.o
 .debug_aranges
                0x00000030       0x80 HAL/LCD/LCD_prog.o
 .debug_aranges
                0x000000b0       0x38 MCAL/ADC/ADC_prog.o
 .debug_aranges
                0x000000e8       0x58 MCAL/DIO/DIO_Program.o
 .debug_aranges
                0x00000140       0x48 MCAL/EXTI/EXTI_prog.o
 .debug_aranges
                0x00000188       0x28 MCAL/GIE/GIE_prog.o
 .debug_aranges
                0x000001b0       0x38 MCAL/SPI/SPI_prog.o
 .debug_aranges
                0x000001e8       0x70 MCAL/TIMER0/TIMER0_prog.o
 .debug_aranges
                0x00000258       0x88 MCAL/TIMER1/TIMER1_prog.o
 .debug_aranges
                0x000002e0       0x50 MCAL/USART/USART_prog.o

.debug_pubnames
 *(.debug_pubnames)

.debug_info     0x00000000     0x2f1e
 *(.debug_info .gnu.linkonce.wi.*)
 .debug_info    0x00000000      0x4e6 C:/Program Files (x86)/Atmel/Studio/7.0/Packs/atmel/ATmega_DFP/1.7.374/gcc/dev/atmega32/avr5/crtatmega32.o
 .debug_info    0x000004e6      0x4a6 APP/main.o
 .debug_info    0x0000098c      0xc70 HAL/LCD/LCD_prog.o
 .debug_info    0x000015fc      0x3f6 MCAL/ADC/ADC_prog.o
 .debug_info    0x000019f2      0x3cc MCAL/DIO/DIO_Program.o
 .debug_info    0x00001dbe      0x1ed MCAL/EXTI/EXTI_prog.o
 .debug_info    0x00001fab       0x54 MCAL/GIE/GIE_prog.o
 .debug_info    0x00001fff      0x221 MCAL/SPI/SPI_prog.o
 .debug_info    0x00002220      0x489 MCAL/TIMER0/TIMER0_prog.o
 .debug_info    0x000026a9      0x640 MCAL/TIMER1/TIMER1_prog.o
 .debug_info    0x00002ce9      0x235 MCAL/USART/USART_prog.o

.debug_abbrev   0x00000000     0x11d5
 *(.debug_abbrev)
 .debug_abbrev  0x00000000      0x4a3 C:/Program Files (x86)/Atmel/Studio/7.0/Packs/atmel/ATmega_DFP/1.7.374/gcc/dev/atmega32/avr5/crtatmega32.o
 .debug_abbrev  0x000004a3      0x202 APP/main.o
 .debug_abbrev  0x000006a5      0x27b HAL/LCD/LCD_prog.o
 .debug_abbrev  0x00000920      0x15a MCAL/ADC/ADC_prog.o
 .debug_abbrev  0x00000a7a       0xf2 MCAL/DIO/DIO_Program.o
 .debug_abbrev  0x00000b6c       0xda MCAL/EXTI/EXTI_prog.o
 .debug_abbrev  0x00000c46       0x2c MCAL/GIE/GIE_prog.o
 .debug_abbrev  0x00000c72      0x101 MCAL/SPI/SPI_prog.o
 .debug_abbrev  0x00000d73      0x17b MCAL/TIMER0/TIMER0_prog.o
 .debug_abbrev  0x00000eee      0x1b6 MCAL/TIMER1/TIMER1_prog.o
 .debug_abbrev  0x000010a4      0x131 MCAL/USART/USART_prog.o

.debug_line     0x00000000     0x1803
 *(.debug_line .debug_line.* .debug_line_end)
 .debug_line    0x00000000      0x116 C:/Program Files (x86)/Atmel/Studio/7.0/Packs/atmel/ATmega_DFP/1.7.374/gcc/dev/atmega32/avr5/crtatmega32.o
 .debug_line    0x00000116      0x346 APP/main.o
 .debug_line    0x0000045c      0x5c1 HAL/LCD/LCD_prog.o
 .debug_line    0x00000a1d      0x167 MCAL/ADC/ADC_prog.o
 .debug_line    0x00000b84      0x2b7 MCAL/DIO/DIO_Program.o
 .debug_line    0x00000e3b      0x173 MCAL/EXTI/EXTI_prog.o
 .debug_line    0x00000fae       0x60 MCAL/GIE/GIE_prog.o
 .debug_line    0x0000100e      0x10a MCAL/SPI/SPI_prog.o
 .debug_line    0x00001118      0x26f MCAL/TIMER0/TIMER0_prog.o
 .debug_line    0x00001387      0x2da MCAL/TIMER1/TIMER1_prog.o
 .debug_line    0x00001661      0x1a2 MCAL/USART/USART_prog.o

.debug_frame    0x00000000      0x99c
 *(.debug_frame)
 .debug_frame   0x00000000       0x60 APP/main.o
 .debug_frame   0x00000060      0x1c8 HAL/LCD/LCD_prog.o
 .debug_frame   0x00000228       0x54 MCAL/ADC/ADC_prog.o
 .debug_frame   0x0000027c       0x94 MCAL/DIO/DIO_Program.o
 .debug_frame   0x00000310      0x14c MCAL/EXTI/EXTI_prog.o
 .debug_frame   0x0000045c       0x34 MCAL/GIE/GIE_prog.o
 .debug_frame   0x00000490       0x9c MCAL/SPI/SPI_prog.o
 .debug_frame   0x0000052c      0x178 MCAL/TIMER0/TIMER0_prog.o
 .debug_frame   0x000006a4      0x200 MCAL/TIMER1/TIMER1_prog.o
 .debug_frame   0x000008a4       0xf8 MCAL/USART/USART_prog.o

.debug_str      0x00000000     0x147e
 *(.debug_str)
 .debug_str     0x00000000      0x196 C:/Program Files (x86)/Atmel/Studio/7.0/Packs/atmel/ATmega_DFP/1.7.374/gcc/dev/atmega32/avr5/crtatmega32.o
 .debug_str     0x00000196      0x2ac APP/main.o
                                0x2ee (size before relaxing)
 .debug_str     0x00000442      0x31d HAL/LCD/LCD_prog.o
                                0x542 (size before relaxing)
 .debug_str     0x0000075f      0x2a0 MCAL/ADC/ADC_prog.o
                                0x474 (size before relaxing)
 .debug_str     0x000009ff       0xd9 MCAL/DIO/DIO_Program.o
                                0x37f (size before relaxing)
 .debug_str     0x00000ad8       0x96 MCAL/EXTI/EXTI_prog.o
                                0x225 (size before relaxing)
 .debug_str     0x00000b6e       0x23 MCAL/GIE/GIE_prog.o
                                0x113 (size before relaxing)
 .debug_str     0x00000b91       0xd0 MCAL/SPI/SPI_prog.o
                                0x251 (size before relaxing)
 .debug_str     0x00000c61      0x237 MCAL/TIMER0/TIMER0_prog.o
                                0x47c (size before relaxing)
 .debug_str     0x00000e98      0x543 MCAL/TIMER1/TIMER1_prog.o
                                0x764 (size before relaxing)
 .debug_str     0x000013db       0xa3 MCAL/USART/USART_prog.o
                                0x252 (size before relaxing)

.debug_loc      0x00000000     0x2057
 *(.debug_loc)
 .debug_loc     0x00000000      0x10f APP/main.o
 .debug_loc     0x0000010f      0xc25 HAL/LCD/LCD_prog.o
 .debug_loc     0x00000d34      0x120 MCAL/ADC/ADC_prog.o
 .debug_loc     0x00000e54      0x353 MCAL/DIO/DIO_Program.o
 .debug_loc     0x000011a7      0x328 MCAL/EXTI/EXTI_prog.o
 .debug_loc     0x000014cf      0x133 MCAL/SPI/SPI_prog.o
 .debug_loc     0x00001602      0x3a7 MCAL/TIMER0/TIMER0_prog.o
 .debug_loc     0x000019a9      0x46c MCAL/TIMER1/TIMER1_prog.o
 .debug_loc     0x00001e15      0x242 MCAL/USART/USART_prog.o

.debug_macinfo
 *(.debug_macinfo)

.debug_weaknames
 *(.debug_weaknames)

.debug_funcnames
 *(.debug_funcnames)

.debug_typenames
 *(.debug_typenames)

.debug_varnames
 *(.debug_varnames)

.debug_pubtypes
 *(.debug_pubtypes)

.debug_ranges   0x00000000      0x2c0
 *(.debug_ranges)
 .debug_ranges  0x00000000       0x50 APP/main.o
 .debug_ranges  0x00000050       0x70 HAL/LCD/LCD_prog.o
 .debug_ranges  0x000000c0       0x28 MCAL/ADC/ADC_prog.o
 .debug_ranges  0x000000e8       0x48 MCAL/DIO/DIO_Program.o
 .debug_ranges  0x00000130       0x38 MCAL/EXTI/EXTI_prog.o
 .debug_ranges  0x00000168       0x18 MCAL/GIE/GIE_prog.o
 .debug_ranges  0x00000180       0x28 MCAL/SPI/SPI_prog.o
 .debug_ranges  0x000001a8       0x60 MCAL/TIMER0/TIMER0_prog.o
 .debug_ranges  0x00000208       0x78 MCAL/TIMER1/TIMER1_prog.o
 .debug_ranges  0x00000280       0x40 MCAL/USART/USART_prog.o

.debug_macro
 *(.debug_macro)
OUTPUT(NTI_AVR_Drivers.elf elf32-avr)
LOAD linker stubs
